Component: ARM Compiler 5.06 update 5 (build 528) Tool: armlink [4d35e2]

==============================================================================

Section Cross References

    mbed/TARGET_LPC1768/TOOLCHAIN_ARM_STD/analogin_api.o(i.analogin_init) refers to mbed/TARGET_LPC1768/TOOLCHAIN_ARM_STD/mbed.ar(mbed_pinmap_common.o)(i.pinmap_peripheral) for pinmap_peripheral
    mbed/TARGET_LPC1768/TOOLCHAIN_ARM_STD/analogin_api.o(i.analogin_init) refers to mbed/TARGET_LPC1768/TOOLCHAIN_ARM_STD/mbed.ar(mbed_assert.o)(i.mbed_assert_internal) for mbed_assert_internal
    mbed/TARGET_LPC1768/TOOLCHAIN_ARM_STD/analogin_api.o(i.analogin_init) refers to mbed/TARGET_LPC1768/TOOLCHAIN_ARM_STD/mbed.ar(mbed_pinmap_common.o)(i.pinmap_pinout) for pinmap_pinout
    mbed/TARGET_LPC1768/TOOLCHAIN_ARM_STD/analogin_api.o(i.analogin_init) refers to mbed/TARGET_LPC1768/TOOLCHAIN_ARM_STD/analogin_api.o(.constdata) for .constdata
    mbed/TARGET_LPC1768/TOOLCHAIN_ARM_STD/analogin_api.o(i.analogin_init) refers to mbed/TARGET_LPC1768/TOOLCHAIN_ARM_STD/analogin_api.o(.conststring) for .conststring
    mbed/TARGET_LPC1768/TOOLCHAIN_ARM_STD/analogin_api.o(i.analogin_init) refers to mbed/TARGET_LPC1768/TOOLCHAIN_ARM_STD/system_LPC17xx.o(.data) for SystemCoreClock
    mbed/TARGET_LPC1768/TOOLCHAIN_ARM_STD/analogin_api.o(i.analogin_read) refers to C:\Keil_v5\ARM\ARMCC\Bin\..\lib\armlib\fz_ws.l(fflt_clz.o)(x$fpl$ffltu) for __aeabi_ui2f
    mbed/TARGET_LPC1768/TOOLCHAIN_ARM_STD/analogin_api.o(i.analogin_read) refers to C:\Keil_v5\ARM\ARMCC\Bin\..\lib\armlib\fz_ws.l(fmul.o)(x$fpl$fmul) for __aeabi_fmul
    mbed/TARGET_LPC1768/TOOLCHAIN_ARM_STD/analogout_api.o(i.analogout_init) refers to mbed/TARGET_LPC1768/TOOLCHAIN_ARM_STD/mbed.ar(mbed_pinmap_common.o)(i.pinmap_peripheral) for pinmap_peripheral
    mbed/TARGET_LPC1768/TOOLCHAIN_ARM_STD/analogout_api.o(i.analogout_init) refers to mbed/TARGET_LPC1768/TOOLCHAIN_ARM_STD/mbed.ar(mbed_assert.o)(i.mbed_assert_internal) for mbed_assert_internal
    mbed/TARGET_LPC1768/TOOLCHAIN_ARM_STD/analogout_api.o(i.analogout_init) refers to mbed/TARGET_LPC1768/TOOLCHAIN_ARM_STD/mbed.ar(mbed_pinmap_common.o)(i.pinmap_pinout) for pinmap_pinout
    mbed/TARGET_LPC1768/TOOLCHAIN_ARM_STD/analogout_api.o(i.analogout_init) refers to mbed/TARGET_LPC1768/TOOLCHAIN_ARM_STD/analogout_api.o(.constdata) for .constdata
    mbed/TARGET_LPC1768/TOOLCHAIN_ARM_STD/analogout_api.o(i.analogout_init) refers to mbed/TARGET_LPC1768/TOOLCHAIN_ARM_STD/analogout_api.o(.conststring) for .conststring
    mbed/TARGET_LPC1768/TOOLCHAIN_ARM_STD/analogout_api.o(i.analogout_read) refers to C:\Keil_v5\ARM\ARMCC\Bin\..\lib\armlib\fz_ws.l(fflt_clz.o)(x$fpl$ffltu) for __aeabi_ui2f
    mbed/TARGET_LPC1768/TOOLCHAIN_ARM_STD/analogout_api.o(i.analogout_read) refers to C:\Keil_v5\ARM\ARMCC\Bin\..\lib\armlib\fz_ws.l(fmul.o)(x$fpl$fmul) for __aeabi_fmul
    mbed/TARGET_LPC1768/TOOLCHAIN_ARM_STD/analogout_api.o(i.analogout_write) refers to C:\Keil_v5\ARM\ARMCC\Bin\..\lib\armlib\fz_ws.l(fmul.o)(x$fpl$fmul) for __aeabi_fmul
    mbed/TARGET_LPC1768/TOOLCHAIN_ARM_STD/analogout_api.o(i.analogout_write) refers to C:\Keil_v5\ARM\ARMCC\Bin\..\lib\armlib\fz_ws.l(ffix.o)(x$fpl$ffix) for __aeabi_f2iz
    mbed/TARGET_LPC1768/TOOLCHAIN_ARM_STD/can_api.o(i.can_frequency) refers to mbed/TARGET_LPC1768/TOOLCHAIN_ARM_STD/system_LPC17xx.o(.data) for SystemCoreClock
    mbed/TARGET_LPC1768/TOOLCHAIN_ARM_STD/can_api.o(i.can_frequency) refers to mbed/TARGET_LPC1768/TOOLCHAIN_ARM_STD/can_api.o(.constdata) for .constdata
    mbed/TARGET_LPC1768/TOOLCHAIN_ARM_STD/can_api.o(i.can_init) refers to mbed/TARGET_LPC1768/TOOLCHAIN_ARM_STD/mbed.ar(mbed_pinmap_common.o)(i.pinmap_peripheral) for pinmap_peripheral
    mbed/TARGET_LPC1768/TOOLCHAIN_ARM_STD/can_api.o(i.can_init) refers to mbed/TARGET_LPC1768/TOOLCHAIN_ARM_STD/mbed.ar(mbed_pinmap_common.o)(i.pinmap_merge) for pinmap_merge
    mbed/TARGET_LPC1768/TOOLCHAIN_ARM_STD/can_api.o(i.can_init) refers to mbed/TARGET_LPC1768/TOOLCHAIN_ARM_STD/mbed.ar(mbed_assert.o)(i.mbed_assert_internal) for mbed_assert_internal
    mbed/TARGET_LPC1768/TOOLCHAIN_ARM_STD/can_api.o(i.can_init) refers to mbed/TARGET_LPC1768/TOOLCHAIN_ARM_STD/mbed.ar(mbed_pinmap_common.o)(i.pinmap_pinout) for pinmap_pinout
    mbed/TARGET_LPC1768/TOOLCHAIN_ARM_STD/can_api.o(i.can_init) refers to mbed/TARGET_LPC1768/TOOLCHAIN_ARM_STD/can_api.o(i.can_frequency) for can_frequency
    mbed/TARGET_LPC1768/TOOLCHAIN_ARM_STD/can_api.o(i.can_init) refers to mbed/TARGET_LPC1768/TOOLCHAIN_ARM_STD/can_api.o(.constdata) for .constdata
    mbed/TARGET_LPC1768/TOOLCHAIN_ARM_STD/can_api.o(i.can_init) refers to mbed/TARGET_LPC1768/TOOLCHAIN_ARM_STD/can_api.o(.conststring) for .conststring
    mbed/TARGET_LPC1768/TOOLCHAIN_ARM_STD/can_api.o(i.can_irq) refers to mbed/TARGET_LPC1768/TOOLCHAIN_ARM_STD/can_api.o(.data) for .data
    mbed/TARGET_LPC1768/TOOLCHAIN_ARM_STD/can_api.o(i.can_irq_free) refers to mbed/TARGET_LPC1768/TOOLCHAIN_ARM_STD/can_api.o(.data) for .data
[...]
    void mbed::Callback<void()>::function_call<void(*)()>(const void*) 0x00006395   Thumb Code     4  mbed/TARGET_LPC1768/TOOLCHAIN_ARM_STD/mbed.ar(InterruptIn.o)(t._ZN4mbed8CallbackIFvvEE13function_callIPS1_EEvPKv)
    void mbed::Callback<void()>::function_dtor<mbed::Callback<void()>::method_context<Manchester, void(Manchester::*)()>>(void*) 0x00006399   Thumb Code     2  .\build\manchester.o(t._ZN4mbed8CallbackIFvvEE13function_dtorINS2_14method_contextI10ManchesterMS5_FvvEEEEEvPv)
    void mbed::Callback<void()>::function_dtor<void(*)()>(void*) 0x0000639b   Thumb Code     2  mbed/TARGET_LPC1768/TOOLCHAIN_ARM_STD/mbed.ar(InterruptIn.o)(t._ZN4mbed8CallbackIFvvEE13function_dtorIPS1_EEvPv)
    void mbed::Callback<void()>::function_move<mbed::Callback<void()>::method_context<Manchester, void(Manchester::*)()>>(void*, const void*) 0x0000639d   Thumb Code    20  .\build\manchester.o(t._ZN4mbed8CallbackIFvvEE13function_moveINS2_14method_contextI10ManchesterMS5_FvvEEEEEvPvPKv)
    void mbed::Callback<void()>::function_move<void(*)()>(void*, const void*) 0x000063b1   Thumb Code    10  mbed/TARGET_LPC1768/TOOLCHAIN_ARM_STD/mbed.ar(InterruptIn.o)(t._ZN4mbed8CallbackIFvvEE13function_moveIPS1_EEvPvPKv)
    mbed::Callback<void()>::~Callback()      0x000063bb   Thumb Code    20  .\build\rtostimer.o(t._ZN4mbed8CallbackIFvvEED1Ev)
    mbed::Callback<void()>::~Callback__sub_object() 0x000063bb   Thumb Code     0  .\build\rtostimer.o(t._ZN4mbed8CallbackIFvvEED1Ev)
    mbed::Callback<T3()> mbed::callback<Manchester, Manchester, void>(T2*, T3(T1::*)()) 0x000063d1   Thumb Code    86  .\build\manchester.o(t._ZN4mbed8callbackI10ManchesterS1_vEENS_8CallbackIFT1_vEEEPT0_MT_FS3_vE)
    __aeabi_f2iz                             0x0000642d   Thumb Code     0  C:\Keil_v5\ARM\ARMCC\Bin\..\lib\armlib\fz_ws.l(ffix.o)(x$fpl$ffix)
    _ffix                                    0x0000642d   Thumb Code    54  C:\Keil_v5\ARM\ARMCC\Bin\..\lib\armlib\fz_ws.l(ffix.o)(x$fpl$ffix)
    __aeabi_fmul                             0x00006465   Thumb Code     0  C:\Keil_v5\ARM\ARMCC\Bin\..\lib\armlib\fz_ws.l(fmul.o)(x$fpl$fmul)
    _fmul                                    0x00006465   Thumb Code   258  C:\Keil_v5\ARM\ARMCC\Bin\..\lib\armlib\fz_ws.l(fmul.o)(x$fpl$fmul)
    __fpl_fnaninf                            0x00006567   Thumb Code   140  C:\Keil_v5\ARM\ARMCC\Bin\..\lib\armlib\fz_ws.l(fnaninf.o)(x$fpl$fnaninf)
    __fpl_fretinf                            0x000065f3   Thumb Code    10  C:\Keil_v5\ARM\ARMCC\Bin\..\lib\armlib\fz_ws.l(fretinf.o)(x$fpl$fretinf)
    _printf_fp_dec                           0x000065fd   Thumb Code     4  C:\Keil_v5\ARM\ARMCC\Bin\..\lib\armlib\fz_ws.l(printf1.o)(x$fpl$printf1)
    _printf_fp_hex                           0x00006601   Thumb Code     4  C:\Keil_v5\ARM\ARMCC\Bin\..\lib\armlib\fz_ws.l(printf2.o)(x$fpl$printf2)
    __I$use$fp                               0x00006604   Number         0  C:\Keil_v5\ARM\ARMCC\Bin\..\lib\armlib\fz_ws.l(usenofp.o)(x$fpl$usenofp)
    __stdin_name                             0x00006604   Data           7  mbed/TARGET_LPC1768/TOOLCHAIN_ARM_STD/retarget.o(.constdata)
    __stdout_name                            0x0000660b   Data           8  mbed/TARGET_LPC1768/TOOLCHAIN_ARM_STD/retarget.o(.constdata)
    __stderr_name                            0x00006613   Data           8  mbed/TARGET_LPC1768/TOOLCHAIN_ARM_STD/retarget.o(.constdata)
    os_mutex_def_osThreadMutex               0x0000673c   Data           4  .\build\rt_cmsis.o(.constdata)
    os_maxtaskrun                            0x00006740   Data           2  .\build\rtx_conf_cm.o(.constdata)
    os_stackinfo                             0x00006744   Data           4  .\build\rtx_conf_cm.o(.constdata)
    os_rrobin                                0x00006748   Data           4  .\build\rtx_conf_cm.o(.constdata)
    os_tickfreq                              0x0000674c   Data           4  .\build\rtx_conf_cm.o(.constdata)
    os_tickus_i                              0x00006750   Data           2  .\build\rtx_conf_cm.o(.constdata)
    os_tickus_f                              0x00006752   Data           2  .\build\rtx_conf_cm.o(.constdata)
    os_trv                                   0x00006754   Data           4  .\build\rtx_conf_cm.o(.constdata)
    os_flags                                 0x00006758   Data           1  .\build\rtx_conf_cm.o(.constdata)
    CMSIS_RTOS_API_Version                   0x0000675c   Data           4  .\build\rtx_conf_cm.o(.constdata)
    CMSIS_RTOS_RTX_Version                   0x00006760   Data           4  .\build\rtx_conf_cm.o(.constdata)
    os_clockrate                             0x00006764   Data           4  .\build\rtx_conf_cm.o(.constdata)
    os_timernum                              0x00006768   Data           4  .\build\rtx_conf_cm.o(.constdata)
    mp_tcb_size                              0x0000676c   Data           2  .\build\rtx_conf_cm.o(.constdata)
    mp_stk_size                              0x00006770   Data           4  .\build\rtx_conf_cm.o(.constdata)
    os_fifo_size                             0x00006774   Data           1  .\build\rtx_conf_cm.o(.constdata)
    os_thread_def_osTimerThread              0x00006778   Data          20  .\build\rtx_conf_cm.o(.constdata)
    os_messageQ_def_osTimerMessageQ          0x0000678c   Data           8  .\build\rtx_conf_cm.o(.constdata)
    mp_tmr_size                              0x00006794   Data           2  .\build\rtx_conf_cm.o(.constdata)
    os_mutex_def_singleton_mutex             0x00006798   Data           4  .\build\rtx_conf_cm.o(.constdata)
    vtable for mbed::TimerEvent              0x000068bc   Data          20  mbed/TARGET_LPC1768/TOOLCHAIN_ARM_STD/mbed.ar(TimerEvent.o)(.constdata__ZTVN4mbed10TimerEventE)
    vtable for mbed::InterruptIn             0x000068d0   Data          16  mbed/TARGET_LPC1768/TOOLCHAIN_ARM_STD/mbed.ar(InterruptIn.o)(.constdata__ZTVN4mbed11InterruptInE)
    vtable for mbed::Ticker                  0x000068e0   Data          20  mbed/TARGET_LPC1768/TOOLCHAIN_ARM_STD/mbed.ar(Ticker.o)(.constdata__ZTVN4mbed6TickerE)
    SingletonPtr<PlatformMutex>::get()::string 0x000068f4   Data          20  mbed/TARGET_LPC1768/TOOLCHAIN_ARM_STD/retarget.o(.constdata__ZZN12SingletonPtrI13PlatformMutexE3getEvEs)
    SingletonPtr<PlatformMutex>::get()::string (instance 2) 0x00006908   Data          77  mbed/TARGET_LPC1768/TOOLCHAIN_ARM_STD/retarget.o(.constdata__ZZN12SingletonPtrI13PlatformMutexE3getEvEs_0)
    void mbed::Callback<void()>::generate<mbed::Callback<void()>::method_context<Manchester, void(Manchester::*)()>>(const T1&)::ops 0x00006958   Data          12  .\build\manchester.o(.constdata__ZZN4mbed8CallbackIFvvEE8generateINS2_14method_contextI10ManchesterMS5_FvvEEEEEvRKT_E3ops)
    void mbed::Callback<void()>::generate<void(*)()>(const T1&)::ops 0x00006964   Data          12  mbed/TARGET_LPC1768/TOOLCHAIN_ARM_STD/mbed.ar(InterruptIn.o)(.constdata__ZZN4mbed8CallbackIFvvEE8generateIPS1_EEvRKT_E3ops)
    mbed::Callback<void()>::call() const::string 0x00006970   Data           5  mbed/TARGET_LPC1768/TOOLCHAIN_ARM_STD/mbed.ar(InterruptIn.o)(.constdata__ZZNK4mbed8CallbackIFvvEE4callEvEs)
    mbed::Callback<void()>::call() const::string (instance 2) 0x00006975   Data          73  mbed/TARGET_LPC1768/TOOLCHAIN_ARM_STD/mbed.ar(InterruptIn.o)(.constdata__ZZNK4mbed8CallbackIFvvEE4callEvEs_0)
    Region$$Table$$Base                      0x00006b7c   Number         0  anon$$obj.o(Region$$Table)
    Region$$Table$$Limit                     0x00006b9c   Number         0  anon$$obj.o(Region$$Table)
    __ctype                                  0x00006bc5   Data           0  C:\Keil_v5\ARM\ARMCC\Bin\..\lib\armlib\c_w.l(lc_ctype_c.o)(locale$$data)
    stdio_uart_inited                        0x100000d4   Data           4  mbed/TARGET_LPC1768/TOOLCHAIN_ARM_STD/serial_api.o(.data)
    stdio_uart                               0x100000dc   Data           8  mbed/TARGET_LPC1768/TOOLCHAIN_ARM_STD/serial_api.o(.data)
    SystemCoreClock                          0x100000e4   Data           4  mbed/TARGET_LPC1768/TOOLCHAIN_ARM_STD/system_LPC17xx.o(.data)
    us_ticker_inited                         0x100000e8   Data           4  mbed/TARGET_LPC1768/TOOLCHAIN_ARM_STD/us_ticker.o(.data)
    osMutexId_osThreadMutex                  0x100000ec   Data           4  .\build\rt_cmsis.o(.data)
    os_initialized                           0x100000f0   Data           1  .\build\rt_cmsis.o(.data)
    os_running                               0x100000f1   Data           1  .\build\rt_cmsis.o(.data)
    os_timer_head                            0x100000f4   Data           4  .\build\rt_cmsis.o(.data)
    osEventObs                               0x100000fc   Data           4  .\build\rt_oseventobserver.o(.data)
    os_robin                                 0x10000104   Data           8  .\build\rt_robin.o(.data)
    os_tick_irqn                             0x1000010c   Data           4  .\build\rt_system.o(.data)
    os_tsk                                   0x10000114   Data           8  .\build\rt_task.o(.data)
    os_time                                  0x1000011c   Data           4  .\build\rt_time.o(.data)
    osThreadId_osTimerThread                 0x10000124   Data           4  .\build\rtx_conf_cm.o(.data)
    osMessageQId_osTimerMessageQ             0x10000128   Data           4  .\build\rtx_conf_cm.o(.data)
    os_tmr                                   0x1000012c   Data           4  .\build\rtx_conf_cm.o(.data)
    m_tmr                                    0x10000130   Data           4  .\build\rtx_conf_cm.o(.data)
    singleton_mutex_id                       0x10000134   Data           4  .\build\rtx_conf_cm.o(.data)
    os_thread_def_main                       0x1000013c   Data          20  .\build\rtx_conf_cm.o(.data)
    armcc_heap_base                          0x10000150   Data           4  .\build\rtx_conf_cm.o(.data)
    armcc_heap_top                           0x10000154   Data           4  .\build\rtx_conf_cm.o(.data)
    mbed::FileBase::_head                    0x1000016c   Data           4  mbed/TARGET_LPC1768/TOOLCHAIN_ARM_STD/mbed.ar(FileBase.o)(.data)
    mbed::FileBase::_mutex                   0x10000170   Data           8  mbed/TARGET_LPC1768/TOOLCHAIN_ARM_STD/mbed.ar(FileBase.o)(.data)
    __aeabi_stdin                            0x10000178   Data           4  C:\Keil_v5\ARM\ARMCC\Bin\..\lib\armlib\c_w.l(stdio_streams.o)(.data)
    __aeabi_stdout                           0x1000017c   Data           4  C:\Keil_v5\ARM\ARMCC\Bin\..\lib\armlib\c_w.l(stdio_streams.o)(.data)
    __aeabi_stderr                           0x10000180   Data           4  C:\Keil_v5\ARM\ARMCC\Bin\..\lib\armlib\c_w.l(stdio_streams.o)(.data)
    _stream_list_lock                        0x10000184   Data           4  C:\Keil_v5\ARM\ARMCC\Bin\..\lib\armlib\c_w.l(streamlock.o)(.data)
    os_mutex_cb_osThreadMutex                0x10000368   Data          16  .\build\rt_cmsis.o(.bss)
    os_rdy                                   0x10000378   Data          24  .\build\rt_list.o(.bss)
    os_dly                                   0x10000390   Data          24  .\build\rt_list.o(.bss)
    os_idle_TCB                              0x100003a8   Data          64  .\build\rt_task.o(.bss)
    mp_tcb                                   0x100003e8   Data         972  .\build\rtx_conf_cm.o(.bss)
    mp_stk                                   0x100007b8   Data         528  .\build\rtx_conf_cm.o(.bss)
    os_fifo                                  0x100009c8   Data         132  .\build\rtx_conf_cm.o(.bss)
    os_active_TCB                            0x10000a4c   Data          60  .\build\rtx_conf_cm.o(.bss)
    os_thread_def_stack_osTimerThread        0x10000a88   Data         800  .\build\rtx_conf_cm.o(.bss)
    os_messageQ_q_osTimerMessageQ            0x10000da8   Data          32  .\build\rtx_conf_cm.o(.bss)
    os_mutex_cb_singleton_mutex              0x10000dc8   Data          16  .\build\rtx_conf_cm.o(.bss)
    __libspace_start                         0x10001438   Data          96  C:\Keil_v5\ARM\ARMCC\Bin\..\lib\armlib\c_w.l(libspace.o)(.bss)
    __stdin                                  0x10001498   Data          84  C:\Keil_v5\ARM\ARMCC\Bin\..\lib\armlib\c_w.l(stdio_streams.o)(.bss)
    __temporary_stack_top$libspace           0x10001498   Data           0  C:\Keil_v5\ARM\ARMCC\Bin\..\lib\armlib\c_w.l(libspace.o)(.bss)
    __stdout                                 0x100014ec   Data          84  C:\Keil_v5\ARM\ARMCC\Bin\..\lib\armlib\c_w.l(stdio_streams.o)(.bss)
    __stderr                                 0x10001540   Data          84  C:\Keil_v5\ARM\ARMCC\Bin\..\lib\armlib\c_w.l(stdio_streams.o)(.bss)
    Image$$RW_IRAM1$$ZI$$Limit               0x10001594   Number         0  anon$$obj.o ABSOLUTE



==============================================================================

Memory Map of the image

  Image Entry point : 0x000000c5

  Load Region LR_IROM1 (Base: 0x00000000, Size: 0x00006d88, Max: 0x00080000, ABSOLUTE)

    Execution Region ER_IROM1 (Exec base: 0x00000000, Load base: 0x00000000, Size: 0x00006cc8, Max: 0x00080000, ABSOLUTE)

    Exec Addr    Load Addr    Size         Type   Attr      Idx    E Section Name        Object

    0x00000000   0x00000000   0x000000c4   Data   RO          517    RESET               mbed/TARGET_LPC1768/TOOLCHAIN_ARM_STD/startup_LPC17xx.o
    0x000000c4   0x000000c4   0x00000008   Code   RO         3820  * !!!main             C:\Keil_v5\ARM\ARMCC\Bin\..\lib\armlib\c_w.l(__main.o)
    0x000000cc   0x000000cc   0x00000034   Code   RO         4429    !!!scatter          C:\Keil_v5\ARM\ARMCC\Bin\..\lib\armlib\c_w.l(__scatter.o)
    0x00000100   0x00000100   0x0000001a   Code   RO         4431    !!handler_copy      C:\Keil_v5\ARM\ARMCC\Bin\..\lib\armlib\c_w.l(__scatter_copy.o)
    0x0000011a   0x0000011a   0x00000002   PAD
    0x0000011c   0x0000011c   0x0000001c   Code   RO         4433    !!handler_zi        C:\Keil_v5\ARM\ARMCC\Bin\..\lib\armlib\c_w.l(__scatter_zi.o)
    0x00000138   0x00000138   0x00000000   Code   RO         4079    .ARM.Collect$$_printf_percent$$00000000  C:\Keil_v5\ARM\ARMCC\Bin\..\lib\armlib\c_w.l(_printf_percent.o)
    0x00000138   0x00000138   0x00000006   Code   RO         4068    .ARM.Collect$$_printf_percent$$00000001  C:\Keil_v5\ARM\ARMCC\Bin\..\lib\armlib\c_w.l(_printf_n.o)
    0x0000013e   0x0000013e   0x00000006   Code   RO         4070    .ARM.Collect$$_printf_percent$$00000002  C:\Keil_v5\ARM\ARMCC\Bin\..\lib\armlib\c_w.l(_printf_p.o)
    0x00000144   0x00000144   0x00000006   Code   RO         4075    .ARM.Collect$$_printf_percent$$00000003  C:\Keil_v5\ARM\ARMCC\Bin\..\lib\armlib\c_w.l(_printf_f.o)
    0x0000014a   0x0000014a   0x00000006   Code   RO         4076    .ARM.Collect$$_printf_percent$$00000004  C:\Keil_v5\ARM\ARMCC\Bin\..\lib\armlib\c_w.l(_printf_e.o)
    0x00000150   0x00000150   0x00000006   Code   RO         4077    .ARM.Collect$$_printf_percent$$00000005  C:\Keil_v5\ARM\ARMCC\Bin\..\lib\armlib\c_w.l(_printf_g.o)
    0x00000156   0x00000156   0x00000006   Code   RO         4078    .ARM.Collect$$_printf_percent$$00000006  C:\Keil_v5\ARM\ARMCC\Bin\..\lib\armlib\c_w.l(_printf_a.o)
    0x0000015c   0x0000015c   0x0000000a   Code   RO         4083    .ARM.Collect$$_printf_percent$$00000007  C:\Keil_v5\ARM\ARMCC\Bin\..\lib\armlib\c_w.l(_printf_ll.o)
    0x00000166   0x00000166   0x00000006   Code   RO         4072    .ARM.Collect$$_printf_percent$$00000008  C:\Keil_v5\ARM\ARMCC\Bin\..\lib\armlib\c_w.l(_printf_i.o)
    0x0000016c   0x0000016c   0x00000006   Code   RO         4073    .ARM.Collect$$_printf_percent$$00000009  C:\Keil_v5\ARM\ARMCC\Bin\..\lib\armlib\c_w.l(_printf_d.o)
    0x00000172   0x00000172   0x00000006   Code   RO         4074    .ARM.Collect$$_printf_percent$$0000000A  C:\Keil_v5\ARM\ARMCC\Bin\..\lib\armlib\c_w.l(_printf_u.o)
    0x00000178   0x00000178   0x00000006   Code   RO         4071    .ARM.Collect$$_printf_percent$$0000000B  C:\Keil_v5\ARM\ARMCC\Bin\..\lib\armlib\c_w.l(_printf_o.o)
    0x0000017e   0x0000017e   0x00000006   Code   RO         4069    .ARM.Collect$$_printf_percent$$0000000C  C:\Keil_v5\ARM\ARMCC\Bin\..\lib\armlib\c_w.l(_printf_x.o)
    0x00000184   0x00000184   0x00000006   Code   RO         4080    .ARM.Collect$$_printf_percent$$0000000D  C:\Keil_v5\ARM\ARMCC\Bin\..\lib\armlib\c_w.l(_printf_lli.o)
    0x0000018a   0x0000018a   0x00000006   Code   RO         4081    .ARM.Collect$$_printf_percent$$0000000E  C:\Keil_v5\ARM\ARMCC\Bin\..\lib\armlib\c_w.l(_printf_lld.o)
    0x00000190   0x00000190   0x00000006   Code   RO         4082    .ARM.Collect$$_printf_percent$$0000000F  C:\Keil_v5\ARM\ARMCC\Bin\..\lib\armlib\c_w.l(_printf_llu.o)
    0x00000196   0x00000196   0x00000006   Code   RO         4087    .ARM.Collect$$_printf_percent$$00000010  C:\Keil_v5\ARM\ARMCC\Bin\..\lib\armlib\c_w.l(_printf_llo.o)
    0x0000019c   0x0000019c   0x00000006   Code   RO         4088    .ARM.Collect$$_printf_percent$$00000011  C:\Keil_v5\ARM\ARMCC\Bin\..\lib\armlib\c_w.l(_printf_llx.o)
    0x000001a2   0x000001a2   0x0000000a   Code   RO         4084    .ARM.Collect$$_printf_percent$$00000012  C:\Keil_v5\ARM\ARMCC\Bin\..\lib\armlib\c_w.l(_printf_l.o)
    0x000001ac   0x000001ac   0x00000006   Code   RO         4066    .ARM.Collect$$_printf_percent$$00000013  C:\Keil_v5\ARM\ARMCC\Bin\..\lib\armlib\c_w.l(_printf_c.o)
    0x000001b2   0x000001b2   0x00000006   Code   RO         4067    .ARM.Collect$$_printf_percent$$00000014  C:\Keil_v5\ARM\ARMCC\Bin\..\lib\armlib\c_w.l(_printf_s.o)
    0x000001b8   0x000001b8   0x00000006   Code   RO         4085    .ARM.Collect$$_printf_percent$$00000015  C:\Keil_v5\ARM\ARMCC\Bin\..\lib\armlib\c_w.l(_printf_lc.o)
    0x000001be   0x000001be   0x00000006   Code   RO         4086    .ARM.Collect$$_printf_percent$$00000016  C:\Keil_v5\ARM\ARMCC\Bin\..\lib\armlib\c_w.l(_printf_ls.o)
    0x000001c4   0x000001c4   0x00000004   Code   RO         4237    .ARM.Collect$$_printf_percent$$00000017  C:\Keil_v5\ARM\ARMCC\Bin\..\lib\armlib\c_w.l(_printf_percent_end.o)
    0x000001c8   0x000001c8   0x00000002   Code   RO         3819    .ARM.Collect$$libinit$$00000000  C:\Keil_v5\ARM\ARMCC\Bin\..\lib\armlib\c_w.l(libinit.o)
    0x000001ca   0x000001ca   0x00000000   Code   RO         4124    .ARM.Collect$$libinit$$00000002  C:\Keil_v5\ARM\ARMCC\Bin\..\lib\armlib\c_w.l(libinit2.o)
    0x000001ca   0x000001ca   0x00000000   Code   RO         4126    .ARM.Collect$$libinit$$00000004  C:\Keil_v5\ARM\ARMCC\Bin\..\lib\armlib\c_w.l(libinit2.o)
    0x000001ca   0x000001ca   0x00000008   Code   RO         4127    .ARM.Collect$$libinit$$00000005  C:\Keil_v5\ARM\ARMCC\Bin\..\lib\armlib\c_w.l(libinit2.o)
    0x000001d2   0x000001d2   0x00000000   Code   RO         4129    .ARM.Collect$$libinit$$0000000A  C:\Keil_v5\ARM\ARMCC\Bin\..\lib\armlib\c_w.l(libinit2.o)
    0x000001d2   0x000001d2   0x00000000   Code   RO         4131    .ARM.Collect$$libinit$$0000000C  C:\Keil_v5\ARM\ARMCC\Bin\..\lib\armlib\c_w.l(libinit2.o)
    0x000001d2   0x000001d2   0x00000000   Code   RO         4133    .ARM.Collect$$libinit$$0000000E  C:\Keil_v5\ARM\ARMCC\Bin\..\lib\armlib\c_w.l(libinit2.o)
    0x000001d2   0x000001d2   0x00000006   Code   RO         4134    .ARM.Collect$$libinit$$0000000F  C:\Keil_v5\ARM\ARMCC\Bin\..\lib\armlib\c_w.l(libinit2.o)
    0x000001d8   0x000001d8   0x00000000   Code   RO         4136    .ARM.Collect$$libinit$$00000011  C:\Keil_v5\ARM\ARMCC\Bin\..\lib\armlib\c_w.l(libinit2.o)
    0x000001d8   0x000001d8   0x0000000c   Code   RO         4137    .ARM.Collect$$libinit$$00000012  C:\Keil_v5\ARM\ARMCC\Bin\..\lib\armlib\c_w.l(libinit2.o)
    0x000001e4   0x000001e4   0x00000000   Code   RO         4138    .ARM.Collect$$libinit$$00000013  C:\Keil_v5\ARM\ARMCC\Bin\..\lib\armlib\c_w.l(libinit2.o)
    0x000001e4   0x000001e4   0x00000000   Code   RO         4140    .ARM.Collect$$libinit$$00000015  C:\Keil_v5\ARM\ARMCC\Bin\..\lib\armlib\c_w.l(libinit2.o)
    0x000001e4   0x000001e4   0x0000000a   Code   RO         4141    .ARM.Collect$$libinit$$00000016  C:\Keil_v5\ARM\ARMCC\Bin\..\lib\armlib\c_w.l(libinit2.o)
    0x000001ee   0x000001ee   0x00000000   Code   RO         4142    .ARM.Collect$$libinit$$00000017  C:\Keil_v5\ARM\ARMCC\Bin\..\lib\armlib\c_w.l(libinit2.o)
    0x000001ee   0x000001ee   0x00000000   Code   RO         4144    .ARM.Collect$$libinit$$00000019  C:\Keil_v5\ARM\ARMCC\Bin\..\lib\armlib\c_w.l(libinit2.o)
    0x000001ee   0x000001ee   0x00000000   Code   RO         4146    .ARM.Collect$$libinit$$0000001B  C:\Keil_v5\ARM\ARMCC\Bin\..\lib\armlib\c_w.l(libinit2.o)
    0x000001ee   0x000001ee   0x00000000   Code   RO         4148    .ARM.Collect$$libinit$$0000001D  C:\Keil_v5\ARM\ARMCC\Bin\..\lib\armlib\c_w.l(libinit2.o)
    0x000001ee   0x000001ee   0x00000000   Code   RO         4150    .ARM.Collect$$libinit$$0000001F  C:\Keil_v5\ARM\ARMCC\Bin\..\lib\armlib\c_w.l(libinit2.o)
    0x000001ee   0x000001ee   0x00000000   Code   RO         4152    .ARM.Collect$$libinit$$00000021  C:\Keil_v5\ARM\ARMCC\Bin\..\lib\armlib\c_w.l(libinit2.o)
    0x000001ee   0x000001ee   0x00000000   Code   RO         4154    .ARM.Collect$$libinit$$00000023  C:\Keil_v5\ARM\ARMCC\Bin\..\lib\armlib\c_w.l(libinit2.o)
    0x000001ee   0x000001ee   0x00000004   Code   RO         4155    .ARM.Collect$$libinit$$00000024  C:\Keil_v5\ARM\ARMCC\Bin\..\lib\armlib\c_w.l(libinit2.o)
    0x000001f2   0x000001f2   0x00000000   Code   RO         4156    .ARM.Collect$$libinit$$00000025  C:\Keil_v5\ARM\ARMCC\Bin\..\lib\armlib\c_w.l(libinit2.o)
    0x000001f2   0x000001f2   0x00000000   Code   RO         4160    .ARM.Collect$$libinit$$0000002C  C:\Keil_v5\ARM\ARMCC\Bin\..\lib\armlib\c_w.l(libinit2.o)
    0x000001f2   0x000001f2   0x00000000   Code   RO         4162    .ARM.Collect$$libinit$$0000002E  C:\Keil_v5\ARM\ARMCC\Bin\..\lib\armlib\c_w.l(libinit2.o)
    0x000001f2   0x000001f2   0x00000000   Code   RO         4164    .ARM.Collect$$libinit$$00000030  C:\Keil_v5\ARM\ARMCC\Bin\..\lib\armlib\c_w.l(libinit2.o)
    0x000001f2   0x000001f2   0x00000000   Code   RO         4166    .ARM.Collect$$libinit$$00000032  C:\Keil_v5\ARM\ARMCC\Bin\..\lib\armlib\c_w.l(libinit2.o)
    0x000001f2   0x000001f2   0x00000002   Code   RO         4167    .ARM.Collect$$libinit$$00000033  C:\Keil_v5\ARM\ARMCC\Bin\..\lib\armlib\c_w.l(libinit2.o)
    0x000001f4   0x000001f4   0x00000000   Code   RO         4284    .ARM.Collect$$libshutdown$$00000004  C:\Keil_v5\ARM\ARMCC\Bin\..\lib\armlib\c_w.l(libshutdown2.o)
    0x000001f4   0x000001f4   0x00000034   Code   RO         2309    .emb_text           .\build\rtx_conf_cm.o
    0x00000228   0x00000228   0x00000000   Code   RO         4214    .emb_text           C:\Keil_v5\ARM\ARMCC\Bin\..\lib\armlib\c_w.l(maybetermalloc1.o)
    0x00000228   0x00000228   0x00000024   Code   RO          519    .text               mbed/TARGET_LPC1768/TOOLCHAIN_ARM_STD/startup_LPC17xx.o
    0x0000024c   0x0000024c   0x00000008   Code   RO         3703    .text               C:\Keil_v5\ARM\ARMCC\Bin\..\lib\armlib\c_w.l(libspace.o)
    0x00000254   0x00000254   0x0000009e   Code   RO         3714    .text               C:\Keil_v5\ARM\ARMCC\Bin\..\lib\armlib\c_w.l(h1_alloc_mt.o)
    0x000002f2   0x000002f2   0x00000006   Code   RO         3817    .text               C:\Keil_v5\ARM\ARMCC\Bin\..\lib\armlib\c_w.l(heapauxi.o)
    0x000002f8   0x000002f8   0x00000004   Code   RO         3978    .text               C:\Keil_v5\ARM\ARMCC\Bin\..\lib\armlib\c_w.l(hguard.o)
    0x000002fc   0x000002fc   0x00000004   Code   RO          518    .ARM.__at_0x02FC    mbed/TARGET_LPC1768/TOOLCHAIN_ARM_STD/startup_LPC17xx.o
    0x00000300   0x00000300   0x00000130   Code   RO          601    .emb_text           .\build\hal_cm3.o
    0x00000430   0x00000430   0x00000076   Code   RO         3716    .text               C:\Keil_v5\ARM\ARMCC\Bin\..\lib\armlib\c_w.l(h1_free_mt.o)
    0x000004a6   0x000004a6   0x00000002   PAD
    0x000004a8   0x000004a8   0x00000024   Code   RO         3770    .text               C:\Keil_v5\ARM\ARMCC\Bin\..\lib\armlib\c_w.l(vsprintf.o)
    0x000004cc   0x000004cc   0x0000003c   Code   RO         3772    .text               C:\Keil_v5\ARM\ARMCC\Bin\..\lib\armlib\c_w.l(__0sscanf.o)
    0x00000508   0x00000508   0x0000014c   Code   RO         3774    .text               C:\Keil_v5\ARM\ARMCC\Bin\..\lib\armlib\c_w.l(_scanf_int.o)
    0x00000654   0x00000654   0x00000090   Code   RO         3794    .text               C:\Keil_v5\ARM\ARMCC\Bin\..\lib\armlib\c_w.l(fflush_locked.o)
    0x000006e4   0x000006e4   0x0000003e   Code   RO         3796    .text               C:\Keil_v5\ARM\ARMCC\Bin\..\lib\armlib\c_w.l(strlen.o)
    0x00000722   0x00000722   0x00000096   Code   RO         3798    .text               C:\Keil_v5\ARM\ARMCC\Bin\..\lib\armlib\c_w.l(strncmp.o)
    0x000007b8   0x000007b8   0x00000064   Code   RO         3802    .text               C:\Keil_v5\ARM\ARMCC\Bin\..\lib\armlib\c_w.l(rt_memcpy_w.o)
    0x0000081c   0x0000081c   0x00000044   Code   RO         3804    .text               C:\Keil_v5\ARM\ARMCC\Bin\..\lib\armlib\c_w.l(rt_memclr.o)
    0x00000860   0x00000860   0x0000004e   Code   RO         3806    .text               C:\Keil_v5\ARM\ARMCC\Bin\..\lib\armlib\c_w.l(rt_memclr_w.o)
    0x000008ae   0x000008ae   0x00000002   PAD
    0x000008b0   0x000008b0   0x00000080   Code   RO         3810    .text               C:\Keil_v5\ARM\ARMCC\Bin\..\lib\armlib\c_w.l(strcmpv7m.o)
    0x00000930   0x00000930   0x0000000a   Code   RO         3976    .text               C:\Keil_v5\ARM\ARMCC\Bin\..\lib\armlib\c_w.l(rt_heap_descriptor_twolibspace.o)
    0x0000093a   0x0000093a   0x0000008a   Code   RO         3980    .text               C:\Keil_v5\ARM\ARMCC\Bin\..\lib\armlib\c_w.l(init_alloc.o)
    0x000009c4   0x000009c4   0x00000012   Code   RO         3986    .text               C:\Keil_v5\ARM\ARMCC\Bin\..\lib\armlib\c_w.l(h1_init_mt.o)
    0x000009d6   0x000009d6   0x0000004e   Code   RO         4000    .text               C:\Keil_v5\ARM\ARMCC\Bin\..\lib\armlib\c_w.l(_printf_pad.o)
    0x00000a24   0x00000a24   0x00000024   Code   RO         4002    .text               C:\Keil_v5\ARM\ARMCC\Bin\..\lib\armlib\c_w.l(_printf_truncate.o)
    0x00000a48   0x00000a48   0x00000052   Code   RO         4004    .text               C:\Keil_v5\ARM\ARMCC\Bin\..\lib\armlib\c_w.l(_printf_str.o)
    0x00000a9a   0x00000a9a   0x00000002   PAD
    0x00000a9c   0x00000a9c   0x00000078   Code   RO         4006    .text               C:\Keil_v5\ARM\ARMCC\Bin\..\lib\armlib\c_w.l(_printf_dec.o)
    0x00000b14   0x00000b14   0x00000028   Code   RO         4008    .text               C:\Keil_v5\ARM\ARMCC\Bin\..\lib\armlib\c_w.l(_printf_charcount.o)
    0x00000b3c   0x00000b3c   0x00000030   Code   RO         4010    .text               C:\Keil_v5\ARM\ARMCC\Bin\..\lib\armlib\c_w.l(_printf_char_common.o)
    0x00000b6c   0x00000b6c   0x0000000a   Code   RO         4012    .text               C:\Keil_v5\ARM\ARMCC\Bin\..\lib\armlib\c_w.l(_sputc.o)
    0x00000b76   0x00000b76   0x00000002   PAD
    0x00000b78   0x00000b78   0x000000bc   Code   RO         4014    .text               C:\Keil_v5\ARM\ARMCC\Bin\..\lib\armlib\c_w.l(_printf_wctomb.o)
    0x00000c34   0x00000c34   0x0000007c   Code   RO         4017    .text               C:\Keil_v5\ARM\ARMCC\Bin\..\lib\armlib\c_w.l(_printf_longlong_dec.o)
    0x00000cb0   0x00000cb0   0x00000070   Code   RO         4023    .text               C:\Keil_v5\ARM\ARMCC\Bin\..\lib\armlib\c_w.l(_printf_oct_int_ll.o)
    0x00000d20   0x00000d20   0x00000094   Code   RO         4043    .text               C:\Keil_v5\ARM\ARMCC\Bin\..\lib\armlib\c_w.l(_printf_hex_int_ll_ptr.o)
    0x00000db4   0x00000db4   0x00000188   Code   RO         4063    .text               C:\Keil_v5\ARM\ARMCC\Bin\..\lib\armlib\c_w.l(__printf_flags_ss_wp.o)
    0x00000f3c   0x00000f3c   0x0000001c   Code   RO         4089    .text               C:\Keil_v5\ARM\ARMCC\Bin\..\lib\armlib\c_w.l(_chval.o)
    0x00000f58   0x00000f58   0x0000002c   Code   RO         4091    .text               C:\Keil_v5\ARM\ARMCC\Bin\..\lib\armlib\c_w.l(scanf_char.o)
    0x00000f84   0x00000f84   0x00000040   Code   RO         4093    .text               C:\Keil_v5\ARM\ARMCC\Bin\..\lib\armlib\c_w.l(_sgetc.o)
    0x00000fc4   0x00000fc4   0x000000f8   Code   RO         4099    .text               C:\Keil_v5\ARM\ARMCC\Bin\..\lib\armlib\c_w.l(fseek.o)
    0x000010bc   0x000010bc   0x000000f0   Code   RO         4103    .text               C:\Keil_v5\ARM\ARMCC\Bin\..\lib\armlib\c_w.l(stdio.o)
    0x000011ac   0x000011ac   0x00000068   Code   RO         4110    .text               C:\Keil_v5\ARM\ARMCC\Bin\..\lib\armlib\c_w.l(setvbuf_locked.o)
    0x00001214   0x00001214   0x000001c8   Code   RO         4112    .text               C:\Keil_v5\ARM\ARMCC\Bin\..\lib\armlib\c_w.l(initio_locked.o)
    0x000013dc   0x000013dc   0x0000000e   Code   RO         4114    .text               C:\Keil_v5\ARM\ARMCC\Bin\..\lib\armlib\c_w.l(defsig_pvfn_outer.o)
    0x000013ea   0x000013ea   0x0000003e   Code   RO         4218    .text               C:\Keil_v5\ARM\ARMCC\Bin\..\lib\armlib\c_w.l(h1_extend_mt.o)
    0x00001428   0x00001428   0x0000008a   Code   RO         4220    .text               C:\Keil_v5\ARM\ARMCC\Bin\..\lib\armlib\c_w.l(lludiv10.o)
    0x000014b2   0x000014b2   0x00000012   Code   RO         4222    .text               C:\Keil_v5\ARM\ARMCC\Bin\..\lib\armlib\c_w.l(isspace.o)
    0x000014c4   0x000014c4   0x000000b2   Code   RO         4224    .text               C:\Keil_v5\ARM\ARMCC\Bin\..\lib\armlib\c_w.l(_printf_intcommon.o)
    0x00001576   0x00001576   0x0000041e   Code   RO         4226    .text               C:\Keil_v5\ARM\ARMCC\Bin\..\lib\armlib\c_w.l(_printf_fp_dec.o)
    0x00001994   0x00001994   0x000002fc   Code   RO         4228    .text               C:\Keil_v5\ARM\ARMCC\Bin\..\lib\armlib\c_w.l(_printf_fp_hex.o)
    0x00001c90   0x00001c90   0x0000002c   Code   RO         4233    .text               C:\Keil_v5\ARM\ARMCC\Bin\..\lib\armlib\c_w.l(_printf_char.o)
    0x00001cbc   0x00001cbc   0x0000002c   Code   RO         4235    .text               C:\Keil_v5\ARM\ARMCC\Bin\..\lib\armlib\c_w.l(_printf_wchar.o)
    0x00001ce8   0x00001ce8   0x00000374   Code   RO         4238    .text               C:\Keil_v5\ARM\ARMCC\Bin\..\lib\armlib\c_w.l(_scanf.o)
    0x0000205c   0x0000205c   0x00000042   Code   RO         4240    .text               C:\Keil_v5\ARM\ARMCC\Bin\..\lib\armlib\c_w.l(ftell.o)
    0x0000209e   0x0000209e   0x0000004c   Code   RO         4248    .text               C:\Keil_v5\ARM\ARMCC\Bin\..\lib\armlib\c_w.l(fclose.o)
    0x000020ea   0x000020ea   0x00000002   PAD
    0x000020ec   0x000020ec   0x00000144   Code   RO         4256    .text               C:\Keil_v5\ARM\ARMCC\Bin\..\lib\armlib\c_w.l(fopen_locked.o)
    0x00002230   0x00002230   0x00000040   Code   RO         4262    .text               C:\Keil_v5\ARM\ARMCC\Bin\..\lib\armlib\c_w.l(_wcrtomb.o)
    0x00002270   0x00002270   0x0000000a   Code   RO         4264    .text               C:\Keil_v5\ARM\ARMCC\Bin\..\lib\armlib\c_w.l(defsig_exit.o)
    0x0000227a   0x0000227a   0x0000000e   Code   RO         4266    .text               C:\Keil_v5\ARM\ARMCC\Bin\..\lib\armlib\c_w.l(defsig_rtred_outer.o)
    0x00002288   0x00002288   0x0000000e   Code   RO         4270    .text               C:\Keil_v5\ARM\ARMCC\Bin\..\lib\armlib\c_w.l(defsig_rtmem_outer.o)
    0x00002296   0x00002296   0x00000002   PAD
    0x00002298   0x00002298   0x00000030   Code   RO         4274    .text               C:\Keil_v5\ARM\ARMCC\Bin\..\lib\armlib\c_w.l(defsig_pvfn_inner.o)
    0x000022c8   0x000022c8   0x0000000c   Code   RO         4314    .text               C:\Keil_v5\ARM\ARMCC\Bin\..\lib\armlib\c_w.l(sys_exit.o)
    0x000022d4   0x000022d4   0x00000010   Code   RO         4316    .text               C:\Keil_v5\ARM\ARMCC\Bin\..\lib\armlib\c_w.l(rt_ctype_table.o)
    0x000022e4   0x000022e4   0x0000000a   Code   RO         4323    .text               C:\Keil_v5\ARM\ARMCC\Bin\..\lib\armlib\c_w.l(rt_locale_twolibspace.o)
    0x000022ee   0x000022ee   0x00000004   Code   RO         4337    .text               C:\Keil_v5\ARM\ARMCC\Bin\..\lib\armlib\c_w.l(rt_errno_addr_twolibspace.o)
    0x000022f2   0x000022f2   0x00000002   PAD
    0x000022f4   0x000022f4   0x00000080   Code   RO         4341    .text               C:\Keil_v5\ARM\ARMCC\Bin\..\lib\armlib\c_w.l(_printf_fp_infnan.o)
    0x00002374   0x00002374   0x000000e4   Code   RO         4343    .text               C:\Keil_v5\ARM\ARMCC\Bin\..\lib\armlib\c_w.l(bigflt0.o)
    0x00002458   0x00002458   0x00000032   Code   RO         4375    .text               C:\Keil_v5\ARM\ARMCC\Bin\..\lib\armlib\c_w.l(defsig_general.o)
    0x0000248a   0x0000248a   0x00000002   PAD
    0x0000248c   0x0000248c   0x00000034   Code   RO         4381    .text               C:\Keil_v5\ARM\ARMCC\Bin\..\lib\armlib\c_w.l(defsig_rtred_inner.o)
    0x000024c0   0x000024c0   0x00000050   Code   RO         4383    .text               C:\Keil_v5\ARM\ARMCC\Bin\..\lib\armlib\c_w.l(defsig_rtmem_inner.o)
    0x00002510   0x00002510   0x0000000e   Code   RO         4398    .text               C:\Keil_v5\ARM\ARMCC\Bin\..\lib\armlib\c_w.l(sys_wrch.o)
    0x0000251e   0x0000251e   0x00000002   Code   RO         4400    .text               C:\Keil_v5\ARM\ARMCC\Bin\..\lib\armlib\c_w.l(use_no_semi.o)
    0x00002520   0x00002520   0x00000000   Code   RO         4402    .text               C:\Keil_v5\ARM\ARMCC\Bin\..\lib\armlib\c_w.l(indicate_semi.o)
    0x00002520   0x00002520   0x0000003e   Code   RO         4346    CL$$btod_d2e        C:\Keil_v5\ARM\ARMCC\Bin\..\lib\armlib\c_w.l(btod.o)
    0x0000255e   0x0000255e   0x00000046   Code   RO         4348    CL$$btod_d2e_denorm_low  C:\Keil_v5\ARM\ARMCC\Bin\..\lib\armlib\c_w.l(btod.o)
    0x000025a4   0x000025a4   0x00000060   Code   RO         4347    CL$$btod_d2e_norm_op1  C:\Keil_v5\ARM\ARMCC\Bin\..\lib\armlib\c_w.l(btod.o)
    0x00002604   0x00002604   0x00000338   Code   RO         4356    CL$$btod_div_common  C:\Keil_v5\ARM\ARMCC\Bin\..\lib\armlib\c_w.l(btod.o)
    0x0000293c   0x0000293c   0x000000dc   Code   RO         4353    CL$$btod_e2e        C:\Keil_v5\ARM\ARMCC\Bin\..\lib\armlib\c_w.l(btod.o)
    0x00002a18   0x00002a18   0x0000002a   Code   RO         4350    CL$$btod_ediv       C:\Keil_v5\ARM\ARMCC\Bin\..\lib\armlib\c_w.l(btod.o)
    0x00002a42   0x00002a42   0x0000002a   Code   RO         4349    CL$$btod_emul       C:\Keil_v5\ARM\ARMCC\Bin\..\lib\armlib\c_w.l(btod.o)
    0x00002a6c   0x00002a6c   0x00000244   Code   RO         4355    CL$$btod_mult_common  C:\Keil_v5\ARM\ARMCC\Bin\..\lib\armlib\c_w.l(btod.o)
    0x00002cb0   0x00002cb0   0x00000004   Code   RO         2433    SVC_TABLE           .\build\svc_table.o
    0x00002cb4   0x00002cb4   0x0000000e   Code   RO          261    i.$Sub$$main        mbed/TARGET_LPC1768/TOOLCHAIN_ARM_STD/retarget.o
    0x00002cc2   0x00002cc2   0x00000002   PAD
    0x00002cc4   0x00002cc4   0x000000a0   Code   RO          528    i.SystemInit        mbed/TARGET_LPC1768/TOOLCHAIN_ARM_STD/system_LPC17xx.o
    0x00002d64   0x00002d64   0x000000b8   Code   RO         2871    i._ZN10Manchester19prepareTransmissionEPhi  .\build\manchester.o
    0x00002e1c   0x00002e1c   0x00000038   Code   RO         2872    i._ZN10Manchester4sendEv  .\build\manchester.o
    0x00002e54   0x00002e54   0x000000b8   Code   RO         2873    i._ZN10Manchester7sendingEv  .\build\manchester.o
    0x00002f0c   0x00002f0c   0x00000094   Code   RO         2874    i._ZN10ManchesterC1E7PinNameS0_j  .\build\manchester.o
    0x00002fa0   0x00002fa0   0x00000088   Code   RO         2920    i._ZN4mbed10DigitalOut5writeEi  .\build\manchester.o
    0x00003028   0x00003028   0x00000012   Code   RO         2914    i._ZN4mbed10DigitalOutaSEi  .\build\manchester.o
    0x0000303a   0x0000303a   0x00000006   Code   RO         3443    i._ZN4mbed10TimerEvent3irqEj  mbed/TARGET_LPC1768/TOOLCHAIN_ARM_STD/mbed.ar(TimerEvent.o)
    0x00003040   0x00003040   0x00000010   Code   RO         3444    i._ZN4mbed10TimerEvent6insertEj  mbed/TARGET_LPC1768/TOOLCHAIN_ARM_STD/mbed.ar(TimerEvent.o)
    0x00003050   0x00003050   0x0000000a   Code   RO         3445    i._ZN4mbed10TimerEvent6removeEv  mbed/TARGET_LPC1768/TOOLCHAIN_ARM_STD/mbed.ar(TimerEvent.o)
    0x0000305a   0x0000305a   0x00000002   PAD
    0x0000305c   0x0000305c   0x00000028   Code   RO         3447    i._ZN4mbed10TimerEventC2Ev  mbed/TARGET_LPC1768/TOOLCHAIN_ARM_STD/mbed.ar(TimerEvent.o)
    0x00003084   0x00003084   0x00000048   Code   RO         3360    i._ZN4mbed11InterruptIn12_irq_handlerEj14gpio_irq_event  mbed/TARGET_LPC1768/TOOLCHAIN_ARM_STD/mbed.ar(InterruptIn.o)
    0x000030cc   0x000030cc   0x00000068   Code   RO         3365    i._ZN4mbed11InterruptInC1E7PinName  mbed/TARGET_LPC1768/TOOLCHAIN_ARM_STD/mbed.ar(InterruptIn.o)
    0x00003134   0x00003134   0x0000002a   Code   RO         3418    i._ZN4mbed6Ticker5setupEj  mbed/TARGET_LPC1768/TOOLCHAIN_ARM_STD/mbed.ar(Ticker.o)
    0x0000315e   0x0000315e   0x0000002c   Code   RO         3419    i._ZN4mbed6Ticker6detachEv  mbed/TARGET_LPC1768/TOOLCHAIN_ARM_STD/mbed.ar(Ticker.o)
    0x0000318a   0x0000318a   0x00000002   PAD
    0x0000318c   0x0000318c   0x00000038   Code   RO         3420    i._ZN4mbed6Ticker7handlerEv  mbed/TARGET_LPC1768/TOOLCHAIN_ARM_STD/mbed.ar(Ticker.o)
    0x000031c4   0x000031c4   0x00000004   Code   RO         3651    i._ZN4mbed8FileBase11getPathTypeEv  mbed/TARGET_LPC1768/TOOLCHAIN_ARM_STD/mbed.ar(FileBase.o)
    0x000031c8   0x000031c8   0x0000006c   Code   RO         3653    i._ZN4mbed8FileBase6lookupEPKcj  mbed/TARGET_LPC1768/TOOLCHAIN_ARM_STD/mbed.ar(FileBase.o)
    0x00003234   0x00003234   0x00000018   Code   RO         3259    i._ZN4mbed8FilePath10fileSystemEv  mbed/TARGET_LPC1768/TOOLCHAIN_ARM_STD/mbed.ar(FilePath.o)
    0x0000324c   0x0000324c   0x0000001c   Code   RO         3261    i._ZN4mbed8FilePath4fileEv  mbed/TARGET_LPC1768/TOOLCHAIN_ARM_STD/mbed.ar(FilePath.o)
    0x00003268   0x00003268   0x0000000a   Code   RO         3262    i._ZN4mbed8FilePath6existsEv  mbed/TARGET_LPC1768/TOOLCHAIN_ARM_STD/mbed.ar(FilePath.o)
    0x00003272   0x00003272   0x00000018   Code   RO         3263    i._ZN4mbed8FilePath6isFileEv  mbed/TARGET_LPC1768/TOOLCHAIN_ARM_STD/mbed.ar(FilePath.o)
    0x0000328a   0x0000328a   0x00000004   Code   RO         3264    i._ZN4mbed8FilePath8fileNameEv  mbed/TARGET_LPC1768/TOOLCHAIN_ARM_STD/mbed.ar(FilePath.o)
    0x0000328e   0x0000328e   0x00000040   Code   RO         3265    i._ZN4mbed8FilePathC1EPKc  mbed/TARGET_LPC1768/TOOLCHAIN_ARM_STD/mbed.ar(FilePath.o)
    0x000032ce   0x000032ce   0x00000002   Code   RO         3369    i._ZN4mbed9donothingEv  mbed/TARGET_LPC1768/TOOLCHAIN_ARM_STD/mbed.ar(InterruptIn.o)
    0x000032d0   0x000032d0   0x00000038   Code   RO         3163    i._ZN7Message12calculateCRCEPc  .\build\message.o
    0x00003308   0x00003308   0x00000060   Code   RO         3164    i._ZN7Message6encodeEPc  .\build\message.o
    0x00003368   0x00003368   0x000000b0   Code   RO         3165    i._ZN7Message7convertEh  .\build\message.o
    0x00003418   0x00003418   0x0000002e   Code   RO         3166    i._ZN7MessageC1Ej   .\build\message.o
    0x00003446   0x00003446   0x00000002   PAD
    0x00003448   0x00003448   0x00000034   Code   RO          269    i._Znaj             mbed/TARGET_LPC1768/TOOLCHAIN_ARM_STD/retarget.o
    0x0000347c   0x0000347c   0x00000028   Code   RO         4396    i.__ARM_fpclassify  C:\Keil_v5\ARM\ARMCC\Bin\..\lib\armlib\m_ws.l(fpclassify.o)
    0x000034a4   0x000034a4   0x00000034   Code   RO           80    i.__NVIC_SetVector  mbed/TARGET_LPC1768/TOOLCHAIN_ARM_STD/cmsis_nvic.o
    0x000034d8   0x000034d8   0x00000006   Code   RO         3822    i.__cxa_pure_virtual  C:\Keil_v5\ARM\ARMCC\Bin\..\lib\cpplib\cpprt_w.l(pure_virt.o)
    0x000034de   0x000034de   0x00000006   Code   RO          686    i.__get_CONTROL     .\build\rt_cmsis.o
    0x000034e4   0x000034e4   0x00000006   Code   RO          687    i.__get_IPSR        .\build\rt_cmsis.o
    0x000034ea   0x000034ea   0x00000006   Code   RO          688    i.__get_PRIMASK     .\build\rt_cmsis.o
    0x000034f0   0x000034f0   0x0000002c   Code   RO         2310    i.__user_perthread_libspace  .\build\rtx_conf_cm.o
    0x0000351c   0x0000351c   0x00000010   Code   RO          521    i.__user_setup_stackheap  mbed/TARGET_LPC1768/TOOLCHAIN_ARM_STD/sys.o
    0x0000352c   0x0000352c   0x00000058   Code   RO         1524    i._init_box         .\build\rt_membox.o
    0x00003584   0x00003584   0x0000000e   Code   RO         4056    i._is_digit         C:\Keil_v5\ARM\ARMCC\Bin\..\lib\armlib\c_w.l(__printf_wp.o)
    0x00003592   0x00003592   0x00000002   PAD
    0x00003594   0x00003594   0x00000020   Code   RO         2311    i._mutex_acquire    .\build\rtx_conf_cm.o
    0x000035b4   0x000035b4   0x0000004c   Code   RO         2312    i._mutex_initialize  .\build\rtx_conf_cm.o
    0x00003600   0x00003600   0x0000001c   Code   RO         2313    i._mutex_release    .\build\rtx_conf_cm.o
    0x0000361c   0x0000361c   0x00000008   Code   RO          274    i._platform_post_stackheap_init  mbed/TARGET_LPC1768/TOOLCHAIN_ARM_STD/retarget.o
    0x00003624   0x00003624   0x0000002c   Code   RO          275    i._sys_close        mbed/TARGET_LPC1768/TOOLCHAIN_ARM_STD/retarget.o
    0x00003650   0x00003650   0x00000028   Code   RO          278    i._sys_flen         mbed/TARGET_LPC1768/TOOLCHAIN_ARM_STD/retarget.o
    0x00003678   0x00003678   0x00000028   Code   RO          279    i._sys_istty        mbed/TARGET_LPC1768/TOOLCHAIN_ARM_STD/retarget.o
    0x000036a0   0x000036a0   0x000001e4   Code   RO          280    i._sys_open         mbed/TARGET_LPC1768/TOOLCHAIN_ARM_STD/retarget.o
    0x00003884   0x00003884   0x00000028   Code   RO          282    i._sys_seek         mbed/TARGET_LPC1768/TOOLCHAIN_ARM_STD/retarget.o
    0x000038ac   0x000038ac   0x0000006c   Code   RO          283    i._sys_write        mbed/TARGET_LPC1768/TOOLCHAIN_ARM_STD/retarget.o
    0x00003918   0x00003918   0x0000008c   Code   RO         3552    i.core_util_critical_section_enter  mbed/TARGET_LPC1768/TOOLCHAIN_ARM_STD/mbed.ar(mbed_critical.o)
    0x000039a4   0x000039a4   0x00000058   Code   RO         3553    i.core_util_critical_section_exit  mbed/TARGET_LPC1768/TOOLCHAIN_ARM_STD/mbed.ar(mbed_critical.o)
    0x000039fc   0x000039fc   0x00000002   Code   RO         1907    i.default_idle_hook  .\build\rtos_idle.o
    0x000039fe   0x000039fe   0x00000012   Code   RO         3531    i.error             mbed/TARGET_LPC1768/TOOLCHAIN_ARM_STD/mbed.ar(mbed_error.o)
    0x00003a10   0x00003a10   0x0000002c   Code   RO          285    i.exit              mbed/TARGET_LPC1768/TOOLCHAIN_ARM_STD/retarget.o
    0x00003a3c   0x00003a3c   0x00000008   Code   RO         3510    i.get_us_ticker_data  mbed/TARGET_LPC1768/TOOLCHAIN_ARM_STD/mbed.ar(mbed_us_ticker_api.o)
    0x00003a44   0x00003a44   0x00000054   Code   RO          118    i.gpio_dir          mbed/TARGET_LPC1768/TOOLCHAIN_ARM_STD/gpio_api.o
    0x00003a98   0x00003a98   0x0000003a   Code   RO          119    i.gpio_init         mbed/TARGET_LPC1768/TOOLCHAIN_ARM_STD/gpio_api.o
    0x00003ad2   0x00003ad2   0x00000028   Code   RO         3475    i.gpio_init_in      mbed/TARGET_LPC1768/TOOLCHAIN_ARM_STD/mbed.ar(mbed_gpio.o)
    0x00003afa   0x00003afa   0x00000002   PAD
    0x00003afc   0x00003afc   0x00000048   Code   RO         3478    i.gpio_init_out     mbed/TARGET_LPC1768/TOOLCHAIN_ARM_STD/mbed.ar(mbed_gpio.o)
    0x00003b44   0x00003b44   0x00000068   Code   RO         3479    i.gpio_init_out_ex  mbed/TARGET_LPC1768/TOOLCHAIN_ARM_STD/mbed.ar(mbed_gpio.o)
    0x00003bac   0x00003bac   0x000000a0   Code   RO          136    i.gpio_irq_init     mbed/TARGET_LPC1768/TOOLCHAIN_ARM_STD/gpio_irq_api.o
    0x00003c4c   0x00003c4c   0x00000006   Code   RO          120    i.gpio_mode         mbed/TARGET_LPC1768/TOOLCHAIN_ARM_STD/gpio_api.o
    0x00003c52   0x00003c52   0x00000002   PAD
    0x00003c54   0x00003c54   0x000000f0   Code   RO          138    i.handle_interrupt_in  mbed/TARGET_LPC1768/TOOLCHAIN_ARM_STD/gpio_irq_api.o
    0x00003d44   0x00003d44   0x00000048   Code   RO          693    i.isrMessageGet     .\build\rt_cmsis.o
    0x00003d8c   0x00003d8c   0x00000032   Code   RO          694    i.isrMessagePut     .\build\rt_cmsis.o
    0x00003dbe   0x00003dbe   0x0000005e   Code   RO         1475    i.isr_mbx_receive   .\build\rt_mailbox.o
    0x00003e1c   0x00003e1c   0x00000016   Code   RO         1476    i.isr_mbx_send      .\build\rt_mailbox.o
    0x00003e32   0x00003e32   0x00000002   PAD
    0x00003e34   0x00003e34   0x00000050   Code   RO         2632    i.main              .\build\main.o
    0x00003e84   0x00003e84   0x00000054   Code   RO         3523    i.mbed_assert_internal  mbed/TARGET_LPC1768/TOOLCHAIN_ARM_STD/mbed.ar(mbed_assert.o)
    0x00003ed8   0x00003ed8   0x00000120   Code   RO          190    i.mbed_die          mbed/TARGET_LPC1768/TOOLCHAIN_ARM_STD/mbed_board.o
    0x00003ff8   0x00003ff8   0x00000058   Code   RO          191    i.mbed_error_printf  mbed/TARGET_LPC1768/TOOLCHAIN_ARM_STD/mbed_board.o
    0x00004050   0x00004050   0x00000050   Code   RO          192    i.mbed_error_vfprintf  mbed/TARGET_LPC1768/TOOLCHAIN_ARM_STD/mbed_board.o
    0x000040a0   0x000040a0   0x00000004   Code   RO         3577    i.mbed_interface_connected  mbed/TARGET_LPC1768/TOOLCHAIN_ARM_STD/mbed.ar(mbed_interface.o)
    0x000040a4   0x000040a4   0x00000002   Code   RO          286    i.mbed_main         mbed/TARGET_LPC1768/TOOLCHAIN_ARM_STD/retarget.o
    0x000040a6   0x000040a6   0x00000002   Code   RO          287    i.mbed_sdk_init     mbed/TARGET_LPC1768/TOOLCHAIN_ARM_STD/retarget.o
    0x000040a8   0x000040a8   0x00000034   Code   RO          698    i.osKernelInitialize  .\build\rt_cmsis.o
    0x000040dc   0x000040dc   0x00000034   Code   RO          699    i.osKernelRunning   .\build\rt_cmsis.o
    0x00004110   0x00004110   0x000000f4   Code   RO          700    i.osKernelStart     .\build\rt_cmsis.o
    0x00004204   0x00004204   0x00000040   Code   RO          709    i.osMessageGet      .\build\rt_cmsis.o
    0x00004244   0x00004244   0x00000044   Code   RO          711    i.osMutexCreate     .\build\rt_cmsis.o
    0x00004288   0x00004288   0x00000028   Code   RO          713    i.osMutexRelease    .\build\rt_cmsis.o
    0x000042b0   0x000042b0   0x0000002c   Code   RO          714    i.osMutexWait       .\build\rt_cmsis.o
    0x000042dc   0x000042dc   0x0000006c   Code   RO          726    i.osThreadContextCreate  .\build\rt_cmsis.o
    0x00004348   0x00004348   0x00000012   Code   RO          727    i.osThreadCreate    .\build\rt_cmsis.o
    0x0000435a   0x0000435a   0x00000002   PAD
    0x0000435c   0x0000435c   0x00000038   Code   RO          728    i.osThreadExit      .\build\rt_cmsis.o
    0x00004394   0x00004394   0x00000020   Code   RO          735    i.osTimerCall       .\build\rt_cmsis.o
    0x000043b4   0x000043b4   0x00000038   Code   RO          740    i.osTimerThread     .\build\rt_cmsis.o
    0x000043ec   0x000043ec   0x00000044   Code   RO         2314    i.os_error          .\build\rtx_conf_cm.o
    0x00004430   0x00004430   0x00000008   Code   RO         2315    i.os_idle_demon     .\build\rtx_conf_cm.o
    0x00004438   0x00004438   0x00000030   Code   RO         1689    i.os_tick_init      .\build\rt_system.o
    0x00004468   0x00004468   0x00000002   Code   RO         1690    i.os_tick_irqack    .\build\rt_system.o
    0x0000446a   0x0000446a   0x00000002   PAD
    0x0000446c   0x0000446c   0x0000005c   Code   RO          203    i.pin_function      mbed/TARGET_LPC1768/TOOLCHAIN_ARM_STD/pinmap.o
    0x000044c8   0x000044c8   0x00000090   Code   RO          204    i.pin_mode          mbed/TARGET_LPC1768/TOOLCHAIN_ARM_STD/pinmap.o
    0x00004558   0x00004558   0x00000022   Code   RO         3493    i.pinmap_find_peripheral  mbed/TARGET_LPC1768/TOOLCHAIN_ARM_STD/mbed.ar(mbed_pinmap_common.o)
    0x0000457a   0x0000457a   0x00000002   PAD
    0x0000457c   0x0000457c   0x0000003c   Code   RO         3495    i.pinmap_merge      mbed/TARGET_LPC1768/TOOLCHAIN_ARM_STD/mbed.ar(mbed_pinmap_common.o)
    0x000045b8   0x000045b8   0x0000005c   Code   RO         3496    i.pinmap_peripheral  mbed/TARGET_LPC1768/TOOLCHAIN_ARM_STD/mbed.ar(mbed_pinmap_common.o)
    0x00004614   0x00004614   0x00000058   Code   RO         3497    i.pinmap_pinout     mbed/TARGET_LPC1768/TOOLCHAIN_ARM_STD/mbed.ar(mbed_pinmap_common.o)
    0x0000466c   0x0000466c   0x00000024   Code   RO         2316    i.pre_main          .\build\rtx_conf_cm.o
    0x00004690   0x00004690   0x0000001e   Code   RO         1525    i.rt_alloc_box      .\build\rt_membox.o
    0x000046ae   0x000046ae   0x00000002   PAD
    0x000046b0   0x000046b0   0x00000038   Code   RO         1781    i.rt_block          .\build\rt_task.o
    0x000046e8   0x000046e8   0x00000058   Code   RO         1625    i.rt_chk_robin      .\build\rt_robin.o
    0x00004740   0x00004740   0x00000090   Code   RO         1399    i.rt_dec_dly        .\build\rt_list.o
    0x000047d0   0x000047d0   0x00000050   Code   RO         1782    i.rt_dispatch       .\build\rt_task.o
    0x00004820   0x00004820   0x0000005c   Code   RO         1360    i.rt_evt_psh        .\build\rt_event.o
    0x0000487c   0x0000487c   0x0000003e   Code   RO         1526    i.rt_free_box       .\build\rt_membox.o
    0x000048ba   0x000048ba   0x00000002   PAD
    0x000048bc   0x000048bc   0x00000028   Code   RO         1783    i.rt_get_TID        .\build\rt_task.o
    0x000048e4   0x000048e4   0x00000032   Code   RO         1400    i.rt_get_first      .\build\rt_list.o
    0x00004916   0x00004916   0x00000010   Code   RO          745    i.rt_id2obj         .\build\rt_cmsis.o
    0x00004926   0x00004926   0x00000002   PAD
    0x00004928   0x00004928   0x00000048   Code   RO         1784    i.rt_init_context   .\build\rt_task.o
    0x00004970   0x00004970   0x00000018   Code   RO         1626    i.rt_init_robin     .\build\rt_robin.o
    0x00004988   0x00004988   0x00000094   Code   RO          552    i.rt_init_stack     .\build\hal_cm.o
    0x00004a1c   0x00004a1c   0x0000000c   Code   RO         1477    i.rt_mbx_check      .\build\rt_mailbox.o
    0x00004a28   0x00004a28   0x00000022   Code   RO         1478    i.rt_mbx_init       .\build\rt_mailbox.o
    0x00004a4a   0x00004a4a   0x00000002   PAD
    0x00004a4c   0x00004a4c   0x00000120   Code   RO         1479    i.rt_mbx_psh        .\build\rt_mailbox.o
    0x00004b6c   0x00004b6c   0x000000d8   Code   RO         1481    i.rt_mbx_wait       .\build\rt_mailbox.o
    0x00004c44   0x00004c44   0x0000004c   Code   RO          746    i.rt_ms2tick        .\build\rt_cmsis.o
    0x00004c90   0x00004c90   0x00000012   Code   RO         1578    i.rt_mut_init       .\build\rt_mutex.o
    0x00004ca2   0x00004ca2   0x00000002   PAD
    0x00004ca4   0x00004ca4   0x0000011c   Code   RO         1579    i.rt_mut_release    .\build\rt_mutex.o
    0x00004dc0   0x00004dc0   0x00000090   Code   RO         1580    i.rt_mut_wait       .\build\rt_mutex.o
    0x00004e50   0x00004e50   0x000000a8   Code   RO         1693    i.rt_pop_req        .\build\rt_system.o
    0x00004ef8   0x00004ef8   0x00000024   Code   RO         1694    i.rt_psh_req        .\build\rt_system.o
    0x00004f1c   0x00004f1c   0x0000007c   Code   RO         1402    i.rt_psq_enq        .\build\rt_list.o
    0x00004f98   0x00004f98   0x0000005c   Code   RO         1403    i.rt_put_dly        .\build\rt_list.o
    0x00004ff4   0x00004ff4   0x00000040   Code   RO         1404    i.rt_put_prio       .\build\rt_list.o
    0x00005034   0x00005034   0x00000014   Code   RO         1405    i.rt_put_rdy_first  .\build\rt_list.o
    0x00005048   0x00005048   0x00000034   Code   RO         1406    i.rt_resort_prio    .\build\rt_list.o
    0x0000507c   0x0000507c   0x0000000c   Code   RO          553    i.rt_ret_val        .\build\hal_cm.o
    0x00005088   0x00005088   0x00000010   Code   RO          554    i.rt_ret_val2       .\build\hal_cm.o
    0x00005098   0x00005098   0x00000028   Code   RO         1407    i.rt_rmv_dly        .\build\rt_list.o
    0x000050c0   0x000050c0   0x00000034   Code   RO         1408    i.rt_rmv_list       .\build\rt_list.o
    0x000050f4   0x000050f4   0x00000038   Code   RO         1649    i.rt_sem_psh        .\build\rt_semaphore.o
    0x0000512c   0x0000512c   0x0000003c   Code   RO         1696    i.rt_stk_check      .\build\rt_system.o
    0x00005168   0x00005168   0x00000030   Code   RO         1785    i.rt_switch_req     .\build\rt_task.o
    0x00005198   0x00005198   0x000000d8   Code   RO         1786    i.rt_sys_init       .\build\rt_task.o
    0x00005270   0x00005270   0x00000094   Code   RO         1787    i.rt_sys_start      .\build\rt_task.o
    0x00005304   0x00005304   0x00000044   Code   RO         1698    i.rt_systick        .\build\rt_system.o
    0x00005348   0x00005348   0x00000020   Code   RO          747    i.rt_tid2ptcb       .\build\rt_cmsis.o
    0x00005368   0x00005368   0x00000040   Code   RO          748    i.rt_timer_insert   .\build\rt_cmsis.o
    0x000053a8   0x000053a8   0x00000060   Code   RO         1788    i.rt_tsk_create     .\build\rt_task.o
    0x00005408   0x00005408   0x00000194   Code   RO         1789    i.rt_tsk_delete     .\build\rt_task.o
    0x0000559c   0x0000559c   0x0000009c   Code   RO         1791    i.rt_tsk_prio       .\build\rt_task.o
    0x00005638   0x00005638   0x00000018   Code   RO         1792    i.rt_tsk_self       .\build\rt_task.o
    0x00005650   0x00005650   0x00000010   Code   RO         1909    i.rtos_idle_loop    .\build\rtos_idle.o
    0x00005660   0x00005660   0x00000010   Code   RO         3600    i.semihost_connected  mbed/TARGET_LPC1768/TOOLCHAIN_ARM_STD/mbed.ar(mbed_semihost_api.o)
    0x00005670   0x00005670   0x0000000c   Code   RO         3603    i.semihost_exit     mbed/TARGET_LPC1768/TOOLCHAIN_ARM_STD/mbed.ar(mbed_semihost_api.o)
    0x0000567c   0x0000567c   0x000001c4   Code   RO          432    i.serial_baud       mbed/TARGET_LPC1768/TOOLCHAIN_ARM_STD/serial_api.o
    0x00005840   0x00005840   0x00000180   Code   RO          439    i.serial_init       mbed/TARGET_LPC1768/TOOLCHAIN_ARM_STD/serial_api.o
    0x000059c0   0x000059c0   0x000000d4   Code   RO          442    i.serial_irq_set_internal  mbed/TARGET_LPC1768/TOOLCHAIN_ARM_STD/serial_api.o
    0x00005a94   0x00005a94   0x00000068   Code   RO          444    i.serial_putc       mbed/TARGET_LPC1768/TOOLCHAIN_ARM_STD/serial_api.o
    0x00005afc   0x00005afc   0x0000010c   Code   RO          446    i.serial_set_flow_control  mbed/TARGET_LPC1768/TOOLCHAIN_ARM_STD/serial_api.o
    0x00005c08   0x00005c08   0x0000001c   Code   RO         2317    i.set_main_stack    .\build\rtx_conf_cm.o
    0x00005c24   0x00005c24   0x00000078   Code   RO          751    i.svcKernelInitialize  .\build\rt_cmsis.o
    0x00005c9c   0x00005c9c   0x0000000c   Code   RO          752    i.svcKernelRunning  .\build\rt_cmsis.o
    0x00005ca8   0x00005ca8   0x00000060   Code   RO          753    i.svcKernelStart    .\build\rt_cmsis.o
    0x00005d08   0x00005d08   0x0000003c   Code   RO          756    i.svcMessageCreate  .\build\rt_cmsis.o
    0x00005d44   0x00005d44   0x00000056   Code   RO          757    i.svcMessageGet     .\build\rt_cmsis.o
    0x00005d9a   0x00005d9a   0x00000036   Code   RO          759    i.svcMutexCreate    .\build\rt_cmsis.o
    0x00005dd0   0x00005dd0   0x00000030   Code   RO          761    i.svcMutexRelease   .\build\rt_cmsis.o
    0x00005e00   0x00005e00   0x00000046   Code   RO          762    i.svcMutexWait      .\build\rt_cmsis.o
    0x00005e46   0x00005e46   0x00000002   PAD
    0x00005e48   0x00005e48   0x000000a0   Code   RO          771    i.svcThreadCreate   .\build\rt_cmsis.o
    0x00005ee8   0x00005ee8   0x0000001c   Code   RO          772    i.svcThreadGetId    .\build\rt_cmsis.o
    0x00005f04   0x00005f04   0x00000044   Code   RO          776    i.svcThreadTerminate  .\build\rt_cmsis.o
    0x00005f48   0x00005f48   0x0000002a   Code   RO          778    i.svcTimerCall      .\build\rt_cmsis.o
    0x00005f72   0x00005f72   0x00000002   Code   RO          787    i.sysThreadError    .\build\rt_cmsis.o
    0x00005f74   0x00005f74   0x0000000c   Code   RO         2319    i.sysThreadTerminate  .\build\rtx_conf_cm.o
    0x00005f80   0x00005f80   0x00000058   Code   RO          788    i.sysTimerTick      .\build\rt_cmsis.o
    0x00005fd8   0x00005fd8   0x00000018   Code   RO         2462    i.thread_terminate_hook  .\build\thread.o
    0x00005ff0   0x00005ff0   0x00000048   Code   RO         3687    i.ticker_insert_event  mbed/TARGET_LPC1768/TOOLCHAIN_ARM_STD/mbed.ar(mbed_ticker_api.o)
    0x00006038   0x00006038   0x0000004e   Code   RO         3688    i.ticker_irq_handler  mbed/TARGET_LPC1768/TOOLCHAIN_ARM_STD/mbed.ar(mbed_ticker_api.o)
    0x00006086   0x00006086   0x00000006   Code   RO         3689    i.ticker_read       mbed/TARGET_LPC1768/TOOLCHAIN_ARM_STD/mbed.ar(mbed_ticker_api.o)
    0x0000608c   0x0000608c   0x00000044   Code   RO         3690    i.ticker_remove_event  mbed/TARGET_LPC1768/TOOLCHAIN_ARM_STD/mbed.ar(mbed_ticker_api.o)
    0x000060d0   0x000060d0   0x00000012   Code   RO         3691    i.ticker_set_handler  mbed/TARGET_LPC1768/TOOLCHAIN_ARM_STD/mbed.ar(mbed_ticker_api.o)
    0x000060e2   0x000060e2   0x00000002   PAD
    0x000060e4   0x000060e4   0x00000014   Code   RO          448    i.uart0_irq         mbed/TARGET_LPC1768/TOOLCHAIN_ARM_STD/serial_api.o
    0x000060f8   0x000060f8   0x00000014   Code   RO          449    i.uart1_irq         mbed/TARGET_LPC1768/TOOLCHAIN_ARM_STD/serial_api.o
    0x0000610c   0x0000610c   0x00000014   Code   RO          450    i.uart2_irq         mbed/TARGET_LPC1768/TOOLCHAIN_ARM_STD/serial_api.o
    0x00006120   0x00006120   0x00000014   Code   RO          451    i.uart3_irq         mbed/TARGET_LPC1768/TOOLCHAIN_ARM_STD/serial_api.o
    0x00006134   0x00006134   0x00000068   Code   RO          452    i.uart_irq          mbed/TARGET_LPC1768/TOOLCHAIN_ARM_STD/serial_api.o
    0x0000619c   0x0000619c   0x0000000c   Code   RO          538    i.us_ticker_clear_interrupt  mbed/TARGET_LPC1768/TOOLCHAIN_ARM_STD/us_ticker.o
    0x000061a8   0x000061a8   0x00000010   Code   RO          539    i.us_ticker_disable_interrupt  mbed/TARGET_LPC1768/TOOLCHAIN_ARM_STD/us_ticker.o
    0x000061b8   0x000061b8   0x00000064   Code   RO          540    i.us_ticker_init    mbed/TARGET_LPC1768/TOOLCHAIN_ARM_STD/us_ticker.o
    0x0000621c   0x0000621c   0x0000000c   Code   RO         3511    i.us_ticker_irq_handler  mbed/TARGET_LPC1768/TOOLCHAIN_ARM_STD/mbed.ar(mbed_us_ticker_api.o)
    0x00006228   0x00006228   0x00000064   Code   RO          541    i.us_ticker_read    mbed/TARGET_LPC1768/TOOLCHAIN_ARM_STD/us_ticker.o
    0x0000628c   0x0000628c   0x00000014   Code   RO          542    i.us_ticker_set_interrupt  mbed/TARGET_LPC1768/TOOLCHAIN_ARM_STD/us_ticker.o
    0x000062a0   0x000062a0   0x00000024   Code   RO         3639    i.wait              mbed/TARGET_LPC1768/TOOLCHAIN_ARM_STD/mbed.ar(mbed_wait_api_no_rtos.o)
    0x000062c4   0x000062c4   0x0000001c   Code   RO         3640    i.wait_ms           mbed/TARGET_LPC1768/TOOLCHAIN_ARM_STD/mbed.ar(mbed_wait_api_no_rtos.o)
    0x000062e0   0x000062e0   0x0000002c   Code   RO         4369    locale$$code        C:\Keil_v5\ARM\ARMCC\Bin\..\lib\armlib\c_w.l(lc_numeric_c.o)
    0x0000630c   0x0000630c   0x0000002c   Code   RO         4408    locale$$code        C:\Keil_v5\ARM\ARMCC\Bin\..\lib\armlib\c_w.l(lc_ctype_c.o)
    0x00006338   0x00006338   0x0000002c   Code   RO         3678    t._ZN12SingletonPtrI13PlatformMutexEptEv  mbed/TARGET_LPC1768/TOOLCHAIN_ARM_STD/mbed.ar(FileBase.o)
    0x00006364   0x00006364   0x00000030   Code   RO         2946    t._ZN4mbed8CallbackIFvvEE13function_callINS2_14method_contextI10ManchesterMS5_FvvEEEEEvPKv  .\build\manchester.o
    0x00006394   0x00006394   0x00000004   Code   RO         3406    t._ZN4mbed8CallbackIFvvEE13function_callIPS1_EEvPKv  mbed/TARGET_LPC1768/TOOLCHAIN_ARM_STD/mbed.ar(InterruptIn.o)
    0x00006398   0x00006398   0x00000002   Code   RO         2958    t._ZN4mbed8CallbackIFvvEE13function_dtorINS2_14method_contextI10ManchesterMS5_FvvEEEEEvPv  .\build\manchester.o
    0x0000639a   0x0000639a   0x00000002   Code   RO         3412    t._ZN4mbed8CallbackIFvvEE13function_dtorIPS1_EEvPv  mbed/TARGET_LPC1768/TOOLCHAIN_ARM_STD/mbed.ar(InterruptIn.o)
    0x0000639c   0x0000639c   0x00000014   Code   RO         2952    t._ZN4mbed8CallbackIFvvEE13function_moveINS2_14method_contextI10ManchesterMS5_FvvEEEEEvPvPKv  .\build\manchester.o
    0x000063b0   0x000063b0   0x0000000a   Code   RO         3409    t._ZN4mbed8CallbackIFvvEE13function_moveIPS1_EEvPvPKv  mbed/TARGET_LPC1768/TOOLCHAIN_ARM_STD/mbed.ar(InterruptIn.o)
    0x000063ba   0x000063ba   0x00000014   Code   RO         1976    t._ZN4mbed8CallbackIFvvEED1Ev  .\build\rtostimer.o
    0x000063ce   0x000063ce   0x00000002   PAD
    0x000063d0   0x000063d0   0x0000005c   Code   RO         2908    t._ZN4mbed8callbackI10ManchesterS1_vEENS_8CallbackIFT1_vEEEPT0_MT_FS3_vE  .\build\manchester.o
    0x0000642c   0x0000642c   0x00000036   Code   RO         3947    x$fpl$ffix          C:\Keil_v5\ARM\ARMCC\Bin\..\lib\armlib\fz_ws.l(ffix.o)
    0x00006462   0x00006462   0x00000002   PAD
    0x00006464   0x00006464   0x00000102   Code   RO         3961    x$fpl$fmul          C:\Keil_v5\ARM\ARMCC\Bin\..\lib\armlib\fz_ws.l(fmul.o)
    0x00006566   0x00006566   0x0000008c   Code   RO         4195    x$fpl$fnaninf       C:\Keil_v5\ARM\ARMCC\Bin\..\lib\armlib\fz_ws.l(fnaninf.o)
    0x000065f2   0x000065f2   0x0000000a   Code   RO         4197    x$fpl$fretinf       C:\Keil_v5\ARM\ARMCC\Bin\..\lib\armlib\fz_ws.l(fretinf.o)
    0x000065fc   0x000065fc   0x00000004   Code   RO         4199    x$fpl$printf1       C:\Keil_v5\ARM\ARMCC\Bin\..\lib\armlib\fz_ws.l(printf1.o)
    0x00006600   0x00006600   0x00000004   Code   RO         4201    x$fpl$printf2       C:\Keil_v5\ARM\ARMCC\Bin\..\lib\armlib\fz_ws.l(printf2.o)
    0x00006604   0x00006604   0x00000000   Code   RO         4207    x$fpl$usenofp       C:\Keil_v5\ARM\ARMCC\Bin\..\lib\armlib\fz_ws.l(usenofp.o)
    0x00006604   0x00006604   0x00000017   Data   RO          336    .constdata          mbed/TARGET_LPC1768/TOOLCHAIN_ARM_STD/retarget.o
    0x0000661b   0x0000661b   0x00000001   PAD
    0x0000661c   0x0000661c   0x00000120   Data   RO          454    .constdata          mbed/TARGET_LPC1768/TOOLCHAIN_ARM_STD/serial_api.o
    0x0000673c   0x0000673c   0x00000004   Data   RO          792    .constdata          .\build\rt_cmsis.o
    0x00006740   0x00006740   0x0000005c   Data   RO         2321    .constdata          .\build\rtx_conf_cm.o
    0x0000679c   0x0000679c   0x00000008   Data   RO         2879    .constdata          .\build\manchester.o
    0x000067a4   0x000067a4   0x00000014   Data   RO         3512    .constdata          mbed/TARGET_LPC1768/TOOLCHAIN_ARM_STD/mbed.ar(mbed_us_ticker_api.o)
    0x000067b8   0x000067b8   0x00000008   Data   RO         3513    .constdata          mbed/TARGET_LPC1768/TOOLCHAIN_ARM_STD/mbed.ar(mbed_us_ticker_api.o)
    0x000067c0   0x000067c0   0x00000008   Data   RO         4015    .constdata          C:\Keil_v5\ARM\ARMCC\Bin\..\lib\armlib\c_w.l(_printf_wctomb.o)
    0x000067c8   0x000067c8   0x00000028   Data   RO         4044    .constdata          C:\Keil_v5\ARM\ARMCC\Bin\..\lib\armlib\c_w.l(_printf_hex_int_ll_ptr.o)
    0x000067f0   0x000067f0   0x00000011   Data   RO         4064    .constdata          C:\Keil_v5\ARM\ARMCC\Bin\..\lib\armlib\c_w.l(__printf_flags_ss_wp.o)
    0x00006801   0x00006801   0x00000026   Data   RO         4229    .constdata          C:\Keil_v5\ARM\ARMCC\Bin\..\lib\armlib\c_w.l(_printf_fp_hex.o)
    0x00006827   0x00006827   0x00000001   PAD
    0x00006828   0x00006828   0x00000094   Data   RO         4344    .constdata          C:\Keil_v5\ARM\ARMCC\Bin\..\lib\armlib\c_w.l(bigflt0.o)
    0x000068bc   0x000068bc   0x00000014   Data   RO         3469    .constdata__ZTVN4mbed10TimerEventE  mbed/TARGET_LPC1768/TOOLCHAIN_ARM_STD/mbed.ar(TimerEvent.o)
    0x000068d0   0x000068d0   0x00000010   Data   RO         3399    .constdata__ZTVN4mbed11InterruptInE  mbed/TARGET_LPC1768/TOOLCHAIN_ARM_STD/mbed.ar(InterruptIn.o)
    0x000068e0   0x000068e0   0x00000014   Data   RO         3431    .constdata__ZTVN4mbed6TickerE  mbed/TARGET_LPC1768/TOOLCHAIN_ARM_STD/mbed.ar(Ticker.o)
    0x000068f4   0x000068f4   0x00000014   Data   RO          399    .constdata__ZZN12SingletonPtrI13PlatformMutexE3getEvEs  mbed/TARGET_LPC1768/TOOLCHAIN_ARM_STD/retarget.o
    0x00006908   0x00006908   0x0000004d   Data   RO          400    .constdata__ZZN12SingletonPtrI13PlatformMutexE3getEvEs_0  mbed/TARGET_LPC1768/TOOLCHAIN_ARM_STD/retarget.o
    0x00006955   0x00006955   0x00000003   PAD
    0x00006958   0x00006958   0x0000000c   Data   RO         2927    .constdata__ZZN4mbed8CallbackIFvvEE8generateINS2_14method_contextI10ManchesterMS5_FvvEEEEEvRKT_E3ops  .\build\manchester.o
    0x00006964   0x00006964   0x0000000c   Data   RO         3404    .constdata__ZZN4mbed8CallbackIFvvEE8generateIPS1_EEvRKT_E3ops  mbed/TARGET_LPC1768/TOOLCHAIN_ARM_STD/mbed.ar(InterruptIn.o)
    0x00006970   0x00006970   0x00000005   Data   RO         3401    .constdata__ZZNK4mbed8CallbackIFvvEE4callEvEs  mbed/TARGET_LPC1768/TOOLCHAIN_ARM_STD/mbed.ar(InterruptIn.o)
    0x00006975   0x00006975   0x00000049   Data   RO         3402    .constdata__ZZNK4mbed8CallbackIFvvEE4callEvEs_0  mbed/TARGET_LPC1768/TOOLCHAIN_ARM_STD/mbed.ar(InterruptIn.o)
    0x000069be   0x000069be   0x00000002   PAD
    0x000069c0   0x000069c0   0x00000057   Data   RO          122    .conststring        mbed/TARGET_LPC1768/TOOLCHAIN_ARM_STD/gpio_api.o
    0x00006a17   0x00006a17   0x00000001   PAD
    0x00006a18   0x00006a18   0x0000006c   Data   RO          193    .conststring        mbed/TARGET_LPC1768/TOOLCHAIN_ARM_STD/mbed_board.o
    0x00006a84   0x00006a84   0x00000055   Data   RO          205    .conststring        mbed/TARGET_LPC1768/TOOLCHAIN_ARM_STD/pinmap.o
    0x00006ad9   0x00006ad9   0x00000003   PAD
    0x00006adc   0x00006adc   0x00000059   Data   RO          455    .conststring        mbed/TARGET_LPC1768/TOOLCHAIN_ARM_STD/serial_api.o
    0x00006b35   0x00006b35   0x00000003   PAD
    0x00006b38   0x00006b38   0x00000043   Data   RO         3554    .conststring        mbed/TARGET_LPC1768/TOOLCHAIN_ARM_STD/mbed.ar(mbed_critical.o)
    0x00006b7b   0x00006b7b   0x00000001   PAD
    0x00006b7c   0x00006b7c   0x00000020   Data   RO         4428    Region$$Table       anon$$obj.o
    0x00006b9c   0x00006b9c   0x0000001c   Data   RO         4368    locale$$data        C:\Keil_v5\ARM\ARMCC\Bin\..\lib\armlib\c_w.l(lc_numeric_c.o)
    0x00006bb8   0x00006bb8   0x00000110   Data   RO         4407    locale$$data        C:\Keil_v5\ARM\ARMCC\Bin\..\lib\armlib\c_w.l(lc_ctype_c.o)


    Execution Region RW_IRAM1 (Exec base: 0x100000c8, Load base: 0x00006cc8, Size: 0x000014cc, Max: 0x00007f38, ABSOLUTE)

    Exec Addr    Load Addr    Size         Type   Attr      Idx    E Section Name        Object

    0x100000c8   0x00006cc8   0x00000004   Data   RW          140    .data               mbed/TARGET_LPC1768/TOOLCHAIN_ARM_STD/gpio_irq_api.o
    0x100000cc   0x00006ccc   0x00000008   Data   RW          339    .data               mbed/TARGET_LPC1768/TOOLCHAIN_ARM_STD/retarget.o
    0x100000d4   0x00006cd4   0x00000010   Data   RW          456    .data               mbed/TARGET_LPC1768/TOOLCHAIN_ARM_STD/serial_api.o
    0x100000e4   0x00006ce4   0x00000004   Data   RW          529    .data               mbed/TARGET_LPC1768/TOOLCHAIN_ARM_STD/system_LPC17xx.o
    0x100000e8   0x00006ce8   0x00000004   Data   RW          543    .data               mbed/TARGET_LPC1768/TOOLCHAIN_ARM_STD/us_ticker.o
    0x100000ec   0x00006cec   0x00000010   Data   RW          793    .data               .\build\rt_cmsis.o
    0x100000fc   0x00006cfc   0x00000005   Data   RW         1608    .data               .\build\rt_oseventobserver.o
    0x10000101   0x00006d01   0x00000003   PAD
    0x10000104   0x00006d04   0x00000008   Data   RW         1627    .data               .\build\rt_robin.o
    0x1000010c   0x00006d0c   0x00000007   Data   RW         1701    .data               .\build\rt_system.o
    0x10000113   0x00006d13   0x00000001   PAD
    0x10000114   0x00006d14   0x00000008   Data   RW         1794    .data               .\build\rt_task.o
    0x1000011c   0x00006d1c   0x00000004   Data   RW         1872    .data               .\build\rt_time.o
    0x10000120   0x00006d20   0x00000004   Data   RW         1910    .data               .\build\rtos_idle.o
    0x10000124   0x00006d24   0x00000034   Data   RW         2322    .data               .\build\rtx_conf_cm.o
    0x10000158   0x00006d58   0x00000004   Data   RW         2487    .data               .\build\thread.o
    0x1000015c   0x00006d5c   0x00000008   Data   RW         3514    .data               mbed/TARGET_LPC1768/TOOLCHAIN_ARM_STD/mbed.ar(mbed_us_ticker_api.o)
    0x10000164   0x00006d64   0x00000008   Data   RW         3555    .data               mbed/TARGET_LPC1768/TOOLCHAIN_ARM_STD/mbed.ar(mbed_critical.o)
    0x1000016c   0x00006d6c   0x0000000c   Data   RW         3665    .data               mbed/TARGET_LPC1768/TOOLCHAIN_ARM_STD/mbed.ar(FileBase.o)
    0x10000178   0x00006d78   0x00000004   Data   RW         3789    .data               C:\Keil_v5\ARM\ARMCC\Bin\..\lib\armlib\c_w.l(stdio_streams.o)
    0x1000017c   0x00006d7c   0x00000004   Data   RW         3790    .data               C:\Keil_v5\ARM\ARMCC\Bin\..\lib\armlib\c_w.l(stdio_streams.o)
    0x10000180   0x00006d80   0x00000004   Data   RW         3791    .data               C:\Keil_v5\ARM\ARMCC\Bin\..\lib\armlib\c_w.l(stdio_streams.o)
    0x10000184   0x00006d84   0x00000004   Data   RW         4105    .data               C:\Keil_v5\ARM\ARMCC\Bin\..\lib\armlib\c_w.l(streamlock.o)
    0x10000188        -       0x000000c0   Zero   RW          139    .bss                mbed/TARGET_LPC1768/TOOLCHAIN_ARM_STD/gpio_irq_api.o
    0x10000248        -       0x00000040   Zero   RW          335    .bss                mbed/TARGET_LPC1768/TOOLCHAIN_ARM_STD/retarget.o
    0x10000288        -       0x000000e0   Zero   RW          453    .bss                mbed/TARGET_LPC1768/TOOLCHAIN_ARM_STD/serial_api.o
    0x10000368        -       0x00000010   Zero   RW          791    .bss                .\build\rt_cmsis.o
    0x10000378        -       0x00000030   Zero   RW         1409    .bss                .\build\rt_list.o
    0x100003a8        -       0x00000040   Zero   RW         1793    .bss                .\build\rt_task.o
    0x100003e8        -       0x00001050   Zero   RW         2320    .bss                .\build\rtx_conf_cm.o
    0x10001438        -       0x00000060   Zero   RW         3704    .bss                C:\Keil_v5\ARM\ARMCC\Bin\..\lib\armlib\c_w.l(libspace.o)
    0x10001498        -       0x00000054   Zero   RW         3786    .bss                C:\Keil_v5\ARM\ARMCC\Bin\..\lib\armlib\c_w.l(stdio_streams.o)
    0x100014ec        -       0x00000054   Zero   RW         3787    .bss                C:\Keil_v5\ARM\ARMCC\Bin\..\lib\armlib\c_w.l(stdio_streams.o)
    0x10001540        -       0x00000054   Zero   RW         3788    .bss                C:\Keil_v5\ARM\ARMCC\Bin\..\lib\armlib\c_w.l(stdio_streams.o)


    Execution Region RW_IRAM2 (Exec base: 0x2007c000, Load base: 0x00006d88, Size: 0x00000000, Max: 0x00004000, ABSOLUTE)

    **** No section assigned to this execution region ****


    Execution Region RW_IRAM3 (Exec base: 0x20080000, Load base: 0x00006d88, Size: 0x00000000, Max: 0x00004000, ABSOLUTE)

    **** No section assigned to this execution region ****


    Execution Region RW_IRAM4 (Exec base: 0x40038000, Load base: 0x00006d88, Size: 0x00000000, Max: 0x00000800, ABSOLUTE)

    **** No section assigned to this execution region ****


==============================================================================

Image component sizes


      Code (inc. data)   RO Data    RW Data    ZI Data      Debug   Object Name

        52          6          0          0          0         84   mbed/TARGET_LPC1768/TOOLCHAIN_ARM_STD/cmsis_nvic.o
       148         30         87          0          0        228   mbed/TARGET_LPC1768/TOOLCHAIN_ARM_STD/gpio_api.o
       400         82          0          4        192        172   mbed/TARGET_LPC1768/TOOLCHAIN_ARM_STD/gpio_irq_api.o
       176          8          0          0          0       9135   .\build\hal_cm.o
       304         36          0          0          0        912   .\build\hal_cm3.o
        80         20          0          0          0      31907   .\build\main.o
       888        112         20          0          0      43036   .\build\manchester.o
       456         70        108          0          0        260   mbed/TARGET_LPC1768/TOOLCHAIN_ARM_STD/mbed_board.o
       374          0          0          0          0       3116   .\build\message.o
         0          0          0          0          0       3080   .\build\mutex.o
       236         48         85          0          0        160   mbed/TARGET_LPC1768/TOOLCHAIN_ARM_STD/pinmap.o
       878        120        120          8         64        928   mbed/TARGET_LPC1768/TOOLCHAIN_ARM_STD/retarget.o
      2096        194          4         16         16      35473   .\build\rt_cmsis.o
        92          4          0          0          0        689   .\build\rt_event.o
       638         34          0          0         48       8729   .\build\rt_list.o
       666         10          0          0          0       4237   .\build\rt_mailbox.o
       180          0          0          0          0       2145   .\build\rt_membox.o
       446         12          0          0          0       2237   .\build\rt_mutex.o
         0          0          0          5          0       1885   .\build\rt_oseventobserver.o
       112         22          0          8          0       1278   .\build\rt_robin.o
        56          4          0          0          0        609   .\build\rt_semaphore.o
       382         58          0          7          0       6739   .\build\rt_system.o
      1340        168          0          8         64      10237   .\build\rt_task.o
         0          0          0          4          0        250   .\build\rt_time.o
        18          6          0          4          0       1513   .\build\rtos_idle.o
        20          0          0          0          0      10326   .\build\rtostimer.o
       384        150         92         52       4176      12999   .\build\rtx_conf_cm.o
      1604        160        377         16        224        840   mbed/TARGET_LPC1768/TOOLCHAIN_ARM_STD/serial_api.o
        40         12        196          0          0        228   mbed/TARGET_LPC1768/TOOLCHAIN_ARM_STD/startup_LPC17xx.o
         4          4          0          0          0        264   .\build\svc_table.o
        16          6          0          0          0         68   mbed/TARGET_LPC1768/TOOLCHAIN_ARM_STD/sys.o
       160         10          0          4          0         68   mbed/TARGET_LPC1768/TOOLCHAIN_ARM_STD/system_LPC17xx.o
        24          4          0          4          0       2116   .\build\thread.o
       248         64          0          4          0        356   mbed/TARGET_LPC1768/TOOLCHAIN_ARM_STD/us_ticker.o

    ----------------------------------------------------------------------
     12544       1454       1132        148       4784     196304   Object Totals
         0          0         32          0          0          0   (incl. Generated)
        26          0         11          4          0          0   (incl. Padding)

    ----------------------------------------------------------------------

      Code (inc. data)   RO Data    RW Data    ZI Data      Debug   Library Member Name

        60          8          0          0          0         84   C:\Keil_v5\ARM\ARMCC\Bin\..\lib\armlib\c_w.l(__0sscanf.o)
         8          0          0          0          0         68   C:\Keil_v5\ARM\ARMCC\Bin\..\lib\armlib\c_w.l(__main.o)
       392          4         17          0          0         92   C:\Keil_v5\ARM\ARMCC\Bin\..\lib\armlib\c_w.l(__printf_flags_ss_wp.o)
        14          0          0          0          0         68   C:\Keil_v5\ARM\ARMCC\Bin\..\lib\armlib\c_w.l(__printf_wp.o)
        52          8          0          0          0          0   C:\Keil_v5\ARM\ARMCC\Bin\..\lib\armlib\c_w.l(__scatter.o)
        26          0          0          0          0          0   C:\Keil_v5\ARM\ARMCC\Bin\..\lib\armlib\c_w.l(__scatter_copy.o)
        28          0          0          0          0          0   C:\Keil_v5\ARM\ARMCC\Bin\..\lib\armlib\c_w.l(__scatter_zi.o)
        28          0          0          0          0         68   C:\Keil_v5\ARM\ARMCC\Bin\..\lib\armlib\c_w.l(_chval.o)
         6          0          0          0          0          0   C:\Keil_v5\ARM\ARMCC\Bin\..\lib\armlib\c_w.l(_printf_a.o)
         6          0          0          0          0          0   C:\Keil_v5\ARM\ARMCC\Bin\..\lib\armlib\c_w.l(_printf_c.o)
        44          0          0          0          0        108   C:\Keil_v5\ARM\ARMCC\Bin\..\lib\armlib\c_w.l(_printf_char.o)
        48          6          0          0          0         96   C:\Keil_v5\ARM\ARMCC\Bin\..\lib\armlib\c_w.l(_printf_char_common.o)
        40          0          0          0          0         68   C:\Keil_v5\ARM\ARMCC\Bin\..\lib\armlib\c_w.l(_printf_charcount.o)
         6          0          0          0          0          0   C:\Keil_v5\ARM\ARMCC\Bin\..\lib\armlib\c_w.l(_printf_d.o)
       120         16          0          0          0         92   C:\Keil_v5\ARM\ARMCC\Bin\..\lib\armlib\c_w.l(_printf_dec.o)
         6          0          0          0          0          0   C:\Keil_v5\ARM\ARMCC\Bin\..\lib\armlib\c_w.l(_printf_e.o)
         6          0          0          0          0          0   C:\Keil_v5\ARM\ARMCC\Bin\..\lib\armlib\c_w.l(_printf_f.o)
      1054          0          0          0          0        216   C:\Keil_v5\ARM\ARMCC\Bin\..\lib\armlib\c_w.l(_printf_fp_dec.o)
       764          8         38          0          0        100   C:\Keil_v5\ARM\ARMCC\Bin\..\lib\armlib\c_w.l(_printf_fp_hex.o)
       128         16          0          0          0         84   C:\Keil_v5\ARM\ARMCC\Bin\..\lib\armlib\c_w.l(_printf_fp_infnan.o)
         6          0          0          0          0          0   C:\Keil_v5\ARM\ARMCC\Bin\..\lib\armlib\c_w.l(_printf_g.o)
       148          4         40          0          0        160   C:\Keil_v5\ARM\ARMCC\Bin\..\lib\armlib\c_w.l(_printf_hex_int_ll_ptr.o)
         6          0          0          0          0          0   C:\Keil_v5\ARM\ARMCC\Bin\..\lib\armlib\c_w.l(_printf_i.o)
       178          0          0          0          0         88   C:\Keil_v5\ARM\ARMCC\Bin\..\lib\armlib\c_w.l(_printf_intcommon.o)
        10          0          0          0          0          0   C:\Keil_v5\ARM\ARMCC\Bin\..\lib\armlib\c_w.l(_printf_l.o)
         6          0          0          0          0          0   C:\Keil_v5\ARM\ARMCC\Bin\..\lib\armlib\c_w.l(_printf_lc.o)
        10          0          0          0          0          0   C:\Keil_v5\ARM\ARMCC\Bin\..\lib\armlib\c_w.l(_printf_ll.o)
         6          0          0          0          0          0   C:\Keil_v5\ARM\ARMCC\Bin\..\lib\armlib\c_w.l(_printf_lld.o)
         6          0          0          0          0          0   C:\Keil_v5\ARM\ARMCC\Bin\..\lib\armlib\c_w.l(_printf_lli.o)
         6          0          0          0          0          0   C:\Keil_v5\ARM\ARMCC\Bin\..\lib\armlib\c_w.l(_printf_llo.o)
         6          0          0          0          0          0   C:\Keil_v5\ARM\ARMCC\Bin\..\lib\armlib\c_w.l(_printf_llu.o)
         6          0          0          0          0          0   C:\Keil_v5\ARM\ARMCC\Bin\..\lib\armlib\c_w.l(_printf_llx.o)
       124         16          0          0          0         92   C:\Keil_v5\ARM\ARMCC\Bin\..\lib\armlib\c_w.l(_printf_longlong_dec.o)
         6          0          0          0          0          0   C:\Keil_v5\ARM\ARMCC\Bin\..\lib\armlib\c_w.l(_printf_ls.o)
         6          0          0          0          0          0   C:\Keil_v5\ARM\ARMCC\Bin\..\lib\armlib\c_w.l(_printf_n.o)
         6          0          0          0          0          0   C:\Keil_v5\ARM\ARMCC\Bin\..\lib\armlib\c_w.l(_printf_o.o)
       112         10          0          0          0        124   C:\Keil_v5\ARM\ARMCC\Bin\..\lib\armlib\c_w.l(_printf_oct_int_ll.o)
         6          0          0          0          0          0   C:\Keil_v5\ARM\ARMCC\Bin\..\lib\armlib\c_w.l(_printf_p.o)
        78          0          0          0          0        108   C:\Keil_v5\ARM\ARMCC\Bin\..\lib\armlib\c_w.l(_printf_pad.o)
         0          0          0          0          0          0   C:\Keil_v5\ARM\ARMCC\Bin\..\lib\armlib\c_w.l(_printf_percent.o)
         4          0          0          0          0          0   C:\Keil_v5\ARM\ARMCC\Bin\..\lib\armlib\c_w.l(_printf_percent_end.o)
         6          0          0          0          0          0   C:\Keil_v5\ARM\ARMCC\Bin\..\lib\armlib\c_w.l(_printf_s.o)
        82          0          0          0          0         80   C:\Keil_v5\ARM\ARMCC\Bin\..\lib\armlib\c_w.l(_printf_str.o)
        36          0          0          0          0         84   C:\Keil_v5\ARM\ARMCC\Bin\..\lib\armlib\c_w.l(_printf_truncate.o)
         6          0          0          0          0          0   C:\Keil_v5\ARM\ARMCC\Bin\..\lib\armlib\c_w.l(_printf_u.o)
        44          0          0          0          0        108   C:\Keil_v5\ARM\ARMCC\Bin\..\lib\armlib\c_w.l(_printf_wchar.o)
       188          6          8          0          0         92   C:\Keil_v5\ARM\ARMCC\Bin\..\lib\armlib\c_w.l(_printf_wctomb.o)
         6          0          0          0          0          0   C:\Keil_v5\ARM\ARMCC\Bin\..\lib\armlib\c_w.l(_printf_x.o)
       884          6          0          0          0        100   C:\Keil_v5\ARM\ARMCC\Bin\..\lib\armlib\c_w.l(_scanf.o)
       332          0          0          0          0         96   C:\Keil_v5\ARM\ARMCC\Bin\..\lib\armlib\c_w.l(_scanf_int.o)
        64          0          0          0          0         84   C:\Keil_v5\ARM\ARMCC\Bin\..\lib\armlib\c_w.l(_sgetc.o)
        10          0          0          0          0         68   C:\Keil_v5\ARM\ARMCC\Bin\..\lib\armlib\c_w.l(_sputc.o)
        64          0          0          0          0         92   C:\Keil_v5\ARM\ARMCC\Bin\..\lib\armlib\c_w.l(_wcrtomb.o)
       228          4        148          0          0         96   C:\Keil_v5\ARM\ARMCC\Bin\..\lib\armlib\c_w.l(bigflt0.o)
      1936        128          0          0          0        672   C:\Keil_v5\ARM\ARMCC\Bin\..\lib\armlib\c_w.l(btod.o)
        10          0          0          0          0         68   C:\Keil_v5\ARM\ARMCC\Bin\..\lib\armlib\c_w.l(defsig_exit.o)
        50          0          0          0          0         88   C:\Keil_v5\ARM\ARMCC\Bin\..\lib\armlib\c_w.l(defsig_general.o)
        48         34          0          0          0         76   C:\Keil_v5\ARM\ARMCC\Bin\..\lib\armlib\c_w.l(defsig_pvfn_inner.o)
        14          0          0          0          0         80   C:\Keil_v5\ARM\ARMCC\Bin\..\lib\armlib\c_w.l(defsig_pvfn_outer.o)
        80         58          0          0          0         76   C:\Keil_v5\ARM\ARMCC\Bin\..\lib\armlib\c_w.l(defsig_rtmem_inner.o)
        14          0          0          0          0         80   C:\Keil_v5\ARM\ARMCC\Bin\..\lib\armlib\c_w.l(defsig_rtmem_outer.o)
        52         38          0          0          0         76   C:\Keil_v5\ARM\ARMCC\Bin\..\lib\armlib\c_w.l(defsig_rtred_inner.o)
        14          0          0          0          0         80   C:\Keil_v5\ARM\ARMCC\Bin\..\lib\armlib\c_w.l(defsig_rtred_outer.o)
        76          0          0          0          0         88   C:\Keil_v5\ARM\ARMCC\Bin\..\lib\armlib\c_w.l(fclose.o)
       144         10          0          0          0        128   C:\Keil_v5\ARM\ARMCC\Bin\..\lib\armlib\c_w.l(fflush_locked.o)
       324          8          0          0          0        152   C:\Keil_v5\ARM\ARMCC\Bin\..\lib\armlib\c_w.l(fopen_locked.o)
       248          6          0          0          0         84   C:\Keil_v5\ARM\ARMCC\Bin\..\lib\armlib\c_w.l(fseek.o)
        66          0          0          0          0         76   C:\Keil_v5\ARM\ARMCC\Bin\..\lib\armlib\c_w.l(ftell.o)
       158          0          0          0          0        128   C:\Keil_v5\ARM\ARMCC\Bin\..\lib\armlib\c_w.l(h1_alloc_mt.o)
        62          0          0          0          0         80   C:\Keil_v5\ARM\ARMCC\Bin\..\lib\armlib\c_w.l(h1_extend_mt.o)
       118          0          0          0          0        108   C:\Keil_v5\ARM\ARMCC\Bin\..\lib\armlib\c_w.l(h1_free_mt.o)
        18          0          0          0          0         84   C:\Keil_v5\ARM\ARMCC\Bin\..\lib\armlib\c_w.l(h1_init_mt.o)
         6          0          0          0          0        152   C:\Keil_v5\ARM\ARMCC\Bin\..\lib\armlib\c_w.l(heapauxi.o)
         4          0          0          0          0        136   C:\Keil_v5\ARM\ARMCC\Bin\..\lib\armlib\c_w.l(hguard.o)
         0          0          0          0          0          0   C:\Keil_v5\ARM\ARMCC\Bin\..\lib\armlib\c_w.l(indicate_semi.o)
       138          0          0          0          0        168   C:\Keil_v5\ARM\ARMCC\Bin\..\lib\armlib\c_w.l(init_alloc.o)
       456         48          0          0          0        116   C:\Keil_v5\ARM\ARMCC\Bin\..\lib\armlib\c_w.l(initio_locked.o)
        18          0          0          0          0         76   C:\Keil_v5\ARM\ARMCC\Bin\..\lib\armlib\c_w.l(isspace.o)
        44         10        272          0          0         76   C:\Keil_v5\ARM\ARMCC\Bin\..\lib\armlib\c_w.l(lc_ctype_c.o)
        44         10         28          0          0         76   C:\Keil_v5\ARM\ARMCC\Bin\..\lib\armlib\c_w.l(lc_numeric_c.o)
         2          0          0          0          0          0   C:\Keil_v5\ARM\ARMCC\Bin\..\lib\armlib\c_w.l(libinit.o)
        42          0          0          0          0          0   C:\Keil_v5\ARM\ARMCC\Bin\..\lib\armlib\c_w.l(libinit2.o)
         0          0          0          0          0          0   C:\Keil_v5\ARM\ARMCC\Bin\..\lib\armlib\c_w.l(libshutdown2.o)
         8          4          0          0         96         68   C:\Keil_v5\ARM\ARMCC\Bin\..\lib\armlib\c_w.l(libspace.o)
       138          0          0          0          0         80   C:\Keil_v5\ARM\ARMCC\Bin\..\lib\armlib\c_w.l(lludiv10.o)
         0          0          0          0          0          0   C:\Keil_v5\ARM\ARMCC\Bin\..\lib\armlib\c_w.l(maybetermalloc1.o)
        16          4          0          0          0         76   C:\Keil_v5\ARM\ARMCC\Bin\..\lib\armlib\c_w.l(rt_ctype_table.o)
         4          0          0          0          0         68   C:\Keil_v5\ARM\ARMCC\Bin\..\lib\armlib\c_w.l(rt_errno_addr_twolibspace.o)
        10          0          0          0          0         76   C:\Keil_v5\ARM\ARMCC\Bin\..\lib\armlib\c_w.l(rt_heap_descriptor_twolibspace.o)
        10          0          0          0          0         76   C:\Keil_v5\ARM\ARMCC\Bin\..\lib\armlib\c_w.l(rt_locale_twolibspace.o)
        68          0          0          0          0         68   C:\Keil_v5\ARM\ARMCC\Bin\..\lib\armlib\c_w.l(rt_memclr.o)
        78          0          0          0          0         80   C:\Keil_v5\ARM\ARMCC\Bin\..\lib\armlib\c_w.l(rt_memclr_w.o)
       100          0          0          0          0         80   C:\Keil_v5\ARM\ARMCC\Bin\..\lib\armlib\c_w.l(rt_memcpy_w.o)
        44          8          0          0          0         84   C:\Keil_v5\ARM\ARMCC\Bin\..\lib\armlib\c_w.l(scanf_char.o)
       104          0          0          0          0         88   C:\Keil_v5\ARM\ARMCC\Bin\..\lib\armlib\c_w.l(setvbuf_locked.o)
       240          6          0          0          0        156   C:\Keil_v5\ARM\ARMCC\Bin\..\lib\armlib\c_w.l(stdio.o)
         0          0          0         12        252          0   C:\Keil_v5\ARM\ARMCC\Bin\..\lib\armlib\c_w.l(stdio_streams.o)
       128          0          0          0          0         68   C:\Keil_v5\ARM\ARMCC\Bin\..\lib\armlib\c_w.l(strcmpv7m.o)
         0          0          0          4          0          0   C:\Keil_v5\ARM\ARMCC\Bin\..\lib\armlib\c_w.l(streamlock.o)
        62          0          0          0          0         76   C:\Keil_v5\ARM\ARMCC\Bin\..\lib\armlib\c_w.l(strlen.o)
       150          0          0          0          0         80   C:\Keil_v5\ARM\ARMCC\Bin\..\lib\armlib\c_w.l(strncmp.o)
        12          4          0          0          0         68   C:\Keil_v5\ARM\ARMCC\Bin\..\lib\armlib\c_w.l(sys_exit.o)
        14          0          0          0          0         76   C:\Keil_v5\ARM\ARMCC\Bin\..\lib\armlib\c_w.l(sys_wrch.o)
         2          0          0          0          0         68   C:\Keil_v5\ARM\ARMCC\Bin\..\lib\armlib\c_w.l(use_no_semi.o)
        36          4          0          0          0         76   C:\Keil_v5\ARM\ARMCC\Bin\..\lib\armlib\c_w.l(vsprintf.o)
         6          0          0          0          0         68   C:\Keil_v5\ARM\ARMCC\Bin\..\lib\cpplib\cpprt_w.l(pure_virt.o)
        54          4          0          0          0         84   C:\Keil_v5\ARM\ARMCC\Bin\..\lib\armlib\fz_ws.l(ffix.o)
       258          4          0          0          0         84   C:\Keil_v5\ARM\ARMCC\Bin\..\lib\armlib\fz_ws.l(fmul.o)
       140          4          0          0          0         84   C:\Keil_v5\ARM\ARMCC\Bin\..\lib\armlib\fz_ws.l(fnaninf.o)
        10          0          0          0          0         68   C:\Keil_v5\ARM\ARMCC\Bin\..\lib\armlib\fz_ws.l(fretinf.o)
         4          0          0          0          0         68   C:\Keil_v5\ARM\ARMCC\Bin\..\lib\armlib\fz_ws.l(printf1.o)
         4          0          0          0          0         68   C:\Keil_v5\ARM\ARMCC\Bin\..\lib\armlib\fz_ws.l(printf2.o)
         0          0          0          0          0          0   C:\Keil_v5\ARM\ARMCC\Bin\..\lib\armlib\fz_ws.l(usenofp.o)
        40          0          0          0          0         68   C:\Keil_v5\ARM\ARMCC\Bin\..\lib\armlib\m_ws.l(fpclassify.o)
       156         26          0         12          0        224   mbed/TARGET_LPC1768/TOOLCHAIN_ARM_STD/mbed.ar(FileBase.o)
       154          0          0          0          0        440   mbed/TARGET_LPC1768/TOOLCHAIN_ARM_STD/mbed.ar(FilePath.o)
       194         28        106          0          0        436   mbed/TARGET_LPC1768/TOOLCHAIN_ARM_STD/mbed.ar(InterruptIn.o)
       142         10         20          0          0        248   mbed/TARGET_LPC1768/TOOLCHAIN_ARM_STD/mbed.ar(Ticker.o)
        72          8         20          0          0        280   mbed/TARGET_LPC1768/TOOLCHAIN_ARM_STD/mbed.ar(TimerEvent.o)
        84         52          0          0          0         88   mbed/TARGET_LPC1768/TOOLCHAIN_ARM_STD/mbed.ar(mbed_assert.o)
       228         98         67          8          0        156   mbed/TARGET_LPC1768/TOOLCHAIN_ARM_STD/mbed.ar(mbed_critical.o)
        18          0          0          0          0         80   mbed/TARGET_LPC1768/TOOLCHAIN_ARM_STD/mbed.ar(mbed_error.o)
       216         36          0          0          0        268   mbed/TARGET_LPC1768/TOOLCHAIN_ARM_STD/mbed.ar(mbed_gpio.o)
         4          0          0          0          0         68   mbed/TARGET_LPC1768/TOOLCHAIN_ARM_STD/mbed.ar(mbed_interface.o)
       274         78          0          0          0        308   mbed/TARGET_LPC1768/TOOLCHAIN_ARM_STD/mbed.ar(mbed_pinmap_common.o)
        28          6          0          0          0        144   mbed/TARGET_LPC1768/TOOLCHAIN_ARM_STD/mbed.ar(mbed_semihost_api.o)
       242          0          0          0          0        420   mbed/TARGET_LPC1768/TOOLCHAIN_ARM_STD/mbed.ar(mbed_ticker_api.o)
        20         10         28          8          0        136   mbed/TARGET_LPC1768/TOOLCHAIN_ARM_STD/mbed.ar(mbed_us_ticker_api.o)
        64          4          0          0          0        160   mbed/TARGET_LPC1768/TOOLCHAIN_ARM_STD/mbed.ar(mbed_wait_api_no_rtos.o)

    ----------------------------------------------------------------------
     13376        860        796         44        348      11200   Library Totals
        32          0          4          0          0          0   (incl. Padding)

    ----------------------------------------------------------------------

      Code (inc. data)   RO Data    RW Data    ZI Data      Debug   Library Name

     10932        492        551         16        348       7152   C:\Keil_v5\ARM\ARMCC\Bin\..\lib\armlib\c_w.l
         6          0          0          0          0         68   C:\Keil_v5\ARM\ARMCC\Bin\..\lib\cpplib\cpprt_w.l
       470         12          0          0          0        456   C:\Keil_v5\ARM\ARMCC\Bin\..\lib\armlib\fz_ws.l
        40          0          0          0          0         68   C:\Keil_v5\ARM\ARMCC\Bin\..\lib\armlib\m_ws.l
      1896        356        241         28          0       3456   mbed/TARGET_LPC1768/TOOLCHAIN_ARM_STD/mbed.ar

    ----------------------------------------------------------------------
     13376        860        796         44        348      11200   Library Totals

    ----------------------------------------------------------------------

==============================================================================


      Code (inc. data)   RO Data    RW Data    ZI Data      Debug   

     25920       2314       1928        192       5132     193408   Grand Totals
     25920       2314       1928        192       5132     193408   ELF Image Totals
     25920       2314       1928        192          0          0   ROM Totals

==============================================================================

    Total RO  Size (Code + RO Data)                27848 (  27.20kB)
    Total RW  Size (RW Data + ZI Data)              5324 (   5.20kB)
    Total ROM Size (Code + RO Data + RW Data)      28040 (  27.38kB)

==============================================================================

