<html>
<body>
<pre>
<h1>µVision Build Log</h1>
<h2>Tool Versions:</h2>
IDE-Version: µVision V5.24.2.0
Copyright (C) 2017 ARM Ltd and ARM Germany GmbH. All rights reserved.
License Information: support GEGI UdeS Flex license: MDK-ARM Professional: 100 user(s) (mdk_pro) Operation stops: 28 Jan 2019
 
Tool Versions:
Toolchain:       MDK-ARM Professional: 100 user(s)  Version: 5.24.1
Toolchain Path:  C:\Keil_v5\ARM\ARMCC\Bin
C Compiler:      Armcc.exe V5.06 update 5 (build 528)
Assembler:       Armasm.exe V5.06 update 5 (build 528)
Linker/Locator:  ArmLink.exe V5.06 update 5 (build 528)
Library Manager: ArmAr.exe V5.06 update 5 (build 528)
Hex Converter:   FromElf.exe V5.06 update 5 (build 528)
CPU DLL:         SARMCM3.DLL V5.24.1
Dialog DLL:      TCM.DLL V1.32.0.0
Target DLL:      CMSIS_AGDI.dll V1.28.3.0
Dialog DLL:      TCM.DLL V1.32.0.0
 
<h2>Project:</h2>
C:\Users\gaga2515\Desktop\GIT\S5APP6\mbed_RTOS_test_emitter\mbed_RTOS_test.uvprojx
Project File Date:  04/02/2018

<h2>Output:</h2>
*** Using Compiler 'V5.06 update 5 (build 528)', folder: 'C:\Keil_v5\ARM\ARMCC\Bin'
Build target 'mbed_RTOS_test'
compiling main.cpp...
main.cpp(197): warning:  #1-D: last line of file ends without a newline
  }
main.cpp(186): warning:  #177-D: variable "triggerOnce"  was declared but never referenced
      bool triggerOnce = false;
main.cpp: 2 warnings, 0 errors
linking...
Program Size: Code=31680 RO-data=2276 RW-data=520 ZI-data=6664  
".\BUILD\mbed_RTOS_test.axf" - 0 Error(s), 2 Warning(s).

<h2>Software Packages used:</h2>

Package Vendor: Keil
                http://www.keil.com/pack/Keil.LPC1700_DFP.2.4.0.pack
                Keil.LPC1700_DFP.2.4.0
                NXP LPC1700 Series Device Support, Drivers and Examples for MCB1700 and LPC1788-32

<h2>Collection of Component include folders:</h2>
  .\RTE\_mbed_RTOS_test
  C:\Keil_v5\ARM\PACK\Keil\LPC1700_DFP\2.4.0\Device\Include

<h2>Collection of Component Files used:</h2>
Build Time Elapsed:  00:00:00
</pre>
</body>
</html>
